{
  "data": [
    {
      "node": "Class",
      "properties": [
        "isPartOf",
        "name",
        "provenance",
        "sameAs",
        "subClassOf",
        "typeOf"
      ]
    },
    {
      "node": "geoId/06",
      "properties": [
        "administrativeCapital",
        "alternateName",
        "archinformLocationId",
        "area",
        "babelnetId",
        "bbcThingsId",
        "brockhausEncylcopediaOnlineId",
        "containedInPlace",
        "czechNkcrAutId",
        "encyclopediaBritannicaOnlineId",
        "encyclopediaLarousseId",
        "encyclopediaUniversalisId",
        "fastId",
        "finlandYsoId",
        "fips104",
        "fips52AlphaCode",
        "franceIdRefId",
        "franceNationalLibraryId",
        "gacsId",
        "geoId",
        "geoJsonCoordinates",
        "geoJsonCoordinatesDP1",
        "geoJsonCoordinatesDP2",
        "geoJsonCoordinatesDP3",
        "gettyThesaurusOfGeographicNamesId",
        "gndId",
        "gnisId",
        "granEnciclopediaCatalanaId",
        "isoCode",
        "israelNationalLibraryId",
        "kmlCoordinates",
        "landArea",
        "latitude",
        "libraryOfCongressAuthorityId",
        "longitude",
        "musicbrainzAreaId",
        "name",
        "nameWithLanguage",
        "nationalDietLibraryId",
        "nearbyPlaces",
        "norwaySnlId",
        "osmRelationId",
        "provenance",
        "quoraTopicId",
        "spainNationalLibraryId",
        "typeOf",
        "unitedStatesNationalArchivesIdentifier",
        "viafId",
        "waterArea",
        "whosOnFirstId",
        "wikidataId",
        "worldcatIdentitiesId"
      ]
    },
    {
      "node": "Place",
      "properties": [
        "name",
        "provenance",
        "subClassOf",
        "typeOf"
      ]
    }
  ]
}