{
  "observations": [
    {
      "date": "1960",
      "value": 4199134389.9037
    },
    {
      "date": "1961",
      "value": 4426949094.8403
    },
    {
      "date": "1962",
      "value": 4693566416.48346
    },
    {
      "date": "1963",
      "value": 4928628018.38759
    },
    {
      "date": "1964",
      "value": 5379845647.70139
    },
    {
      "date": "1965",
      "value": 6197319929.04038
    },
    {
      "date": "1966",
      "value": 6789938671.75094
    },
    {
      "date": "1967",
      "value": 7555383690.16
    },
    {
      "date": "1968",
      "value": 8623172959.89803
    },
    {
      "date": "1969",
      "value": 9743089607.49587
    },
    {
      "date": "1970",
      "value": 10976245153.5894
    },
    {
      "date": "1971",
      "value": 13731801564.0908
    },
    {
      "date": "1972",
      "value": 17153463263.1086
    },
    {
      "date": "1973",
      "value": 27081698249.5083
    },
    {
      "date": "1974",
      "value": 46209092072.1383
    },
    {
      "date": "1975",
      "value": 51776222349.8869
    },
    {
      "date": "1976",
      "value": 68055295080.7538
    },
    {
      "date": "1977",
      "value": 80600122701.9632
    },
    {
      "date": "1978",
      "value": 77994316621.4814
    },
    {
      "date": "1979",
      "value": 90391877325.9285
    },
    {
      "date": "1980",
      "value": 94362275580.0229
    },
    {
      "date": "1981",
      "value": 100499312749.923
    },
    {
      "date": "1982",
      "value": 125948756439.485
    },
    {
      "date": "1983",
      "value": 156365156618.241
    },
    {
      "date": "1984",
      "value": 162276728619.519
    },
    {
      "date": "1985",
      "value": 180183629599.684
    },
    {
      "date": "1986",
      "value": 209094561833.48
    },
    {
      "date": "1987",
      "value": 134009995923.169
    },
    {
      "date": "1988",
      "value": 123057861333.908
    },
    {
      "date": "1989",
      "value": 120496362916.271
    },
    {
      "date": "1990",
      "value": 124813263926.225
    },
    {
      "date": "1993",
      "value": 63743623232.012
    },
    {
      "date": "1994",
      "value": 71841461172.5964
    },
    {
      "date": "1995",
      "value": 96419225743.6737
    },
    {
      "date": "1996",
      "value": 120403931885.441
    },
    {
      "date": "1997",
      "value": 113919163421.155
    },
    {
      "date": "1998",
      "value": 110276913362.508
    },
    {
      "date": "1999",
      "value": 113848450088.351
    },
    {
      "date": "2000",
      "value": 109591707802.216
    },
    {
      "date": "2001",
      "value": 126878750295.944
    },
    {
      "date": "2002",
      "value": 128626917503.72
    },
    {
      "date": "2003",
      "value": 153544751395.43
    },
    {
      "date": "2004",
      "value": 190043433964.841
    },
    {
      "date": "2005",
      "value": 226452138291.542
    },
    {
      "date": "2006",
      "value": 266298911661.144
    },
    {
      "date": "2007",
      "value": 349881601458.56
    },
    {
      "date": "2008",
      "value": 412336172446.849
    },
    {
      "date": "2009",
      "value": 416397025729.361
    },
    {
      "date": "2010",
      "value": 486807615326.147
    },
    {
      "date": "2011",
      "value": 626133114526.806
    },
    {
      "date": "2012",
      "value": 644035510447.901
    },
    {
      "date": "2013",
      "value": 492775565649.562
    },
    {
      "date": "2014",
      "value": 460382791826.34
    },
    {
      "date": "2015",
      "value": 408212918053.939
    },
    {
      "date": "2016",
      "value": 457954614142.539
    },
    {
      "date": "2017",
      "value": 486630146443.617
    },
    {
      "date": "2018",
      "value": 331682036227.963
    },
    {
      "date": "2019",
      "value": 283746685180.338
    },
    {
      "date": "2020",
      "value": 239735571102.495
    },
    {
      "date": "2021",
      "value": 359713152725.063
    }
  ],
  "facet": {
    "import_name": "WorldDevelopmentIndicators",
    "provenance_url": "https://datacatalog.worldbank.org/dataset/world-development-indicators/",
    "observation_period": "P1Y",
    "unit": "USDollar"
  }
}