{
  "observations": [
    {
      "date": "2008",
      "value": 1265920
    },
    {
      "date": "2009",
      "value": 1184073
    },
    {
      "date": "2010",
      "value": 1146072
    },
    {
      "date": "2011",
      "value": 1128845
    },
    {
      "date": "2012",
      "value": 1210409
    },
    {
      "date": "2013",
      "value": 1173036
    },
    {
      "date": "2014",
      "value": 1100901
    },
    {
      "date": "2015",
      "value": 1191797
    },
    {
      "date": "2016",
      "value": 1176866
    },
    {
      "date": "2017",
      "value": 1164741
    },
    {
      "date": "2018",
      "value": 1118600
    },
    {
      "date": "2019",
      "value": 1095445
    }
  ],
  "facet": {
    "import_name": "FBIGovCrime",
    "provenance_url": "http://www.fbi.gov/services/cjis/ucr",
    "observation_period": "P1Y"
  }
}