{
  "data": {
    "Count_Person": {
      "rankAll": {
        "info": [
          {
            "rank": 1,
            "value": 1378665000,
            "placeDcid": "country/CHN"
          },
          {
            "rank": 2,
            "value": 1324171000,
            "placeDcid": "country/IND"
          },
          {
            "rank": 3,
            "value": 329824950,
            "placeDcid": "country/USA"
          },
          {
            "rank": 4,
            "value": 261115000,
            "placeDcid": "country/IDN"
          },
          {
            "rank": 5,
            "value": 207653000,
            "placeDcid": "country/BRA"
          },
          {
            "rank": 6,
            "value": 197015955,
            "placeDcid": "country/PAK"
          },
          {
            "rank": 7,
            "value": 185990000,
            "placeDcid": "country/NGA"
          },
          {
            "rank": 8,
            "value": 162952000,
            "placeDcid": "country/BGD"
          },
          {
            "rank": 9,
            "value": 144342000,
            "placeDcid": "country/RUS"
          },
          {
            "rank": 10,
            "value": 127540000,
            "placeDcid": "country/MEX"
          },
          {
            "rank": 11,
            "value": 126443000,
            "placeDcid": "country/JPN"
          },
          {
            "rank": 12,
            "value": 103320000,
            "placeDcid": "country/PHL"
          },
          {
            "rank": 13,
            "value": 102403000,
            "placeDcid": "country/ETH"
          },
          {
            "rank": 14,
            "value": 95689000,
            "placeDcid": "country/EGY"
          },
          {
            "rank": 15,
            "value": 92701000,
            "placeDcid": "country/VNM"
          },
          {
            "rank": 16,
            "value": 83019200,
            "placeDcid": "country/DEU"
          },
          {
            "rank": 17,
            "value": 80277000,
            "placeDcid": "country/IRN"
          },
          {
            "rank": 18,
            "value": 79512000,
            "placeDcid": "country/TUR"
          },
          {
            "rank": 19,
            "value": 78736000,
            "placeDcid": "country/COD"
          },
          {
            "rank": 20,
            "value": 68864000,
            "placeDcid": "country/THA"
          },
          {
            "rank": 21,
            "value": 66992699,
            "placeDcid": "country/FRA"
          },
          {
            "rank": 22,
            "value": 66647100,
            "placeDcid": "country/GBR"
          },
          {
            "rank": 23,
            "value": 64812052,
            "placeDcid": "country/FXX"
          },
          {
            "rank": 24,
            "value": 60359500,
            "placeDcid": "country/ITA"
          },
          {
            "rank": 25,
            "value": 55909000,
            "placeDcid": "country/ZAF"
          },
          {
            "rank": 26,
            "value": 55572000,
            "placeDcid": "country/TZA"
          },
          {
            "rank": 27,
            "value": 52885000,
            "placeDcid": "country/MMR"
          },
          {
            "rank": 28,
            "value": 51246000,
            "placeDcid": "country/KOR"
          },
          {
            "rank": 29,
            "value": 48653000,
            "placeDcid": "country/COL"
          },
          {
            "rank": 30,
            "value": 48462000,
            "placeDcid": "country/KEN"
          },
          {
            "rank": 31,
            "value": 46722980,
            "placeDcid": "country/ESP"
          },
          {
            "rank": 32,
            "value": 43847000,
            "placeDcid": "country/ARG"
          },
          {
            "rank": 33,
            "value": 42729036,
            "placeDcid": "country/UGA"
          },
          {
            "rank": 34,
            "value": 41983564,
            "placeDcid": "country/UKR"
          },
          {
            "rank": 35,
            "value": 40606000,
            "placeDcid": "country/DZA"
          },
          {
            "rank": 36,
            "value": 39579000,
            "placeDcid": "country/SDN"
          },
          {
            "rank": 37,
            "value": 37948000,
            "placeDcid": "country/POL"
          },
          {
            "rank": 38,
            "value": 37589262,
            "placeDcid": "country/CAN"
          },
          {
            "rank": 39,
            "value": 37203000,
            "placeDcid": "country/IRQ"
          },
          {
            "rank": 40,
            "value": 37112080,
            "placeDcid": "country/MAR"
          },
          {
            "rank": 41,
            "value": 34656000,
            "placeDcid": "country/AFG"
          },
          {
            "rank": 42,
            "value": 34218169,
            "placeDcid": "country/SAU"
          },
          {
            "rank": 43,
            "value": 32730000,
            "placeDcid": "country/MYS"
          },
          {
            "rank": 44,
            "value": 31848000,
            "placeDcid": "country/UZB"
          },
          {
            "rank": 45,
            "value": 31774000,
            "placeDcid": "country/PER"
          },
          {
            "rank": 46,
            "value": 31568000,
            "placeDcid": "country/VEN"
          },
          {
            "rank": 47,
            "value": 28983000,
            "placeDcid": "country/NPL"
          },
          {
            "rank": 48,
            "value": 28829000,
            "placeDcid": "country/MOZ"
          },
          {
            "rank": 49,
            "value": 28813000,
            "placeDcid": "country/AGO"
          },
          {
            "rank": 50,
            "value": 28207000,
            "placeDcid": "country/GHA"
          },
          {
            "rank": 51,
            "value": 27584000,
            "placeDcid": "country/YEM"
          },
          {
            "rank": 52,
            "value": 25549604,
            "placeDcid": "country/PRK"
          },
          {
            "rank": 53,
            "value": 25364300,
            "placeDcid": "country/AUS"
          },
          {
            "rank": 54,
            "value": 24895000,
            "placeDcid": "country/MDG"
          },
          {
            "rank": 55,
            "value": 23696000,
            "placeDcid": "country/CIV"
          },
          {
            "rank": 56,
            "value": 23568378,
            "placeDcid": "country/TWN"
          },
          {
            "rank": 57,
            "value": 23439000,
            "placeDcid": "country/CMR"
          },
          {
            "rank": 58,
            "value": 21203000,
            "placeDcid": "country/LKA"
          },
          {
            "rank": 59,
            "value": 20673000,
            "placeDcid": "country/NER"
          },
          {
            "rank": 60,
            "value": 19705000,
            "placeDcid": "country/ROU"
          },
          {
            "rank": 61,
            "value": 18646000,
            "placeDcid": "country/BFA"
          },
          {
            "rank": 62,
            "value": 18430000,
            "placeDcid": "country/SYR"
          },
          {
            "rank": 63,
            "value": 18092000,
            "placeDcid": "country/MWI"
          },
          {
            "rank": 64,
            "value": 17995000,
            "placeDcid": "country/MLI"
          },
          {
            "rank": 65,
            "value": 17910000,
            "placeDcid": "country/CHL"
          },
          {
            "rank": 66,
            "value": 17797000,
            "placeDcid": "country/KAZ"
          },
          {
            "rank": 67,
            "value": 17737438,
            "placeDcid": "wikidataId/Q29999"
          },
          {
            "rank": 68,
            "value": 17282200,
            "placeDcid": "country/NLD"
          },
          {
            "rank": 69,
            "value": 16591000,
            "placeDcid": "country/ZMB"
          },
          {
            "rank": 70,
            "value": 16582000,
            "placeDcid": "country/GTM"
          },
          {
            "rank": 71,
            "value": 16385000,
            "placeDcid": "country/ECU"
          },
          {
            "rank": 72,
            "value": 16244513,
            "placeDcid": "country/TCD"
          },
          {
            "rank": 73,
            "value": 16150000,
            "placeDcid": "country/ZWE"
          },
          {
            "rank": 74,
            "value": 15893219,
            "placeDcid": "country/SOM"
          },
          {
            "rank": 75,
            "value": 15762000,
            "placeDcid": "country/KHM"
          },
          {
            "rank": 76,
            "value": 15412000,
            "placeDcid": "country/SEN"
          },
          {
            "rank": 77,
            "value": 12396000,
            "placeDcid": "country/GIN"
          },
          {
            "rank": 78,
            "value": 12231000,
            "placeDcid": "country/SSD"
          },
          {
            "rank": 79,
            "value": 11918000,
            "placeDcid": "country/RWA"
          },
          {
            "rank": 80,
            "value": 11476000,
            "placeDcid": "country/CUB"
          },
          {
            "rank": 81,
            "value": 11455500,
            "placeDcid": "country/BEL"
          },
          {
            "rank": 82,
            "value": 11439646,
            "placeDcid": "country/HTI"
          },
          {
            "rank": 83,
            "value": 11403000,
            "placeDcid": "country/TUN"
          },
          {
            "rank": 84,
            "value": 10888000,
            "placeDcid": "country/BOL"
          },
          {
            "rank": 85,
            "value": 10872000,
            "placeDcid": "country/BEN"
          },
          {
            "rank": 86,
            "value": 10724600,
            "placeDcid": "country/GRC"
          },
          {
            "rank": 87,
            "value": 10649000,
            "placeDcid": "country/DOM"
          },
          {
            "rank": 88,
            "value": 10562000,
            "placeDcid": "country/CZE"
          },
          {
            "rank": 89,
            "value": 10524000,
            "placeDcid": "country/BDI"
          },
          {
            "rank": 90,
            "value": 10276600,
            "placeDcid": "country/PRT"
          },
          {
            "rank": 91,
            "value": 10230200,
            "placeDcid": "country/SWE"
          },
          {
            "rank": 92,
            "value": 9890400,
            "placeDcid": "country/ARE"
          },
          {
            "rank": 93,
            "value": 9818000,
            "placeDcid": "country/HUN"
          },
          {
            "rank": 94,
            "value": 9762000,
            "placeDcid": "country/AZE"
          },
          {
            "rank": 95,
            "value": 9507000,
            "placeDcid": "country/BLR"
          },
          {
            "rank": 96,
            "value": 9456000,
            "placeDcid": "country/JOR"
          },
          {
            "rank": 97,
            "value": 9113000,
            "placeDcid": "country/HND"
          },
          {
            "rank": 98,
            "value": 8935000,
            "placeDcid": "country/PNG"
          },
          {
            "rank": 99,
            "value": 8858780,
            "placeDcid": "country/AUT"
          },
          {
            "rank": 100,
            "value": 8797900,
            "placeDcid": "country/ISR"
          },
          {
            "rank": 101,
            "value": 8735000,
            "placeDcid": "country/TJK"
          },
          {
            "rank": 102,
            "value": 8544530,
            "placeDcid": "country/CHE"
          },
          {
            "rank": 103,
            "value": 7606000,
            "placeDcid": "country/TGO"
          },
          {
            "rank": 104,
            "value": 7396000,
            "placeDcid": "country/SLE"
          },
          {
            "rank": 105,
            "value": 7391700,
            "placeDcid": "country/HKG"
          },
          {
            "rank": 106,
            "value": 7303000,
            "placeDcid": "country/PRY"
          },
          {
            "rank": 107,
            "value": 7128000,
            "placeDcid": "country/BGR"
          },
          {
            "rank": 108,
            "value": 6963764,
            "placeDcid": "country/SRB"
          },
          {
            "rank": 109,
            "value": 6871287,
            "placeDcid": "country/LBY"
          },
          {
            "rank": 110,
            "value": 6758000,
            "placeDcid": "country/LAO"
          },
          {
            "rank": 111,
            "value": 6345000,
            "placeDcid": "country/SLV"
          },
          {
            "rank": 112,
            "value": 6150000,
            "placeDcid": "country/NIC"
          },
          {
            "rank": 113,
            "value": 6083000,
            "placeDcid": "country/KGZ"
          },
          {
            "rank": 114,
            "value": 6081196,
            "placeDcid": "country/ERI"
          },
          {
            "rank": 115,
            "value": 6031187,
            "placeDcid": "country/TKM"
          },
          {
            "rank": 116,
            "value": 6007000,
            "placeDcid": "country/LBN"
          },
          {
            "rank": 117,
            "value": 5749000,
            "placeDcid": "country/DNK"
          },
          {
            "rank": 118,
            "value": 5707251,
            "placeDcid": "wikidataId/Q756617"
          },
          {
            "rank": 119,
            "value": 5703600,
            "placeDcid": "country/SGP"
          },
          {
            "rank": 120,
            "value": 5503297,
            "placeDcid": "country/FIN"
          },
          {
            "rank": 121,
            "value": 5429000,
            "placeDcid": "country/SVK"
          },
          {
            "rank": 122,
            "value": 5244359,
            "placeDcid": "country/COG"
          },
          {
            "rank": 123,
            "value": 5159076,
            "placeDcid": "country/PSE"
          },
          {
            "rank": 124,
            "value": 5109056,
            "placeDcid": "country/NOR"
          },
          {
            "rank": 125,
            "value": 4917000,
            "placeDcid": "country/NZL"
          },
          {
            "rank": 126,
            "value": 4904240,
            "placeDcid": "country/IRL"
          },
          {
            "rank": 127,
            "value": 4857000,
            "placeDcid": "country/CRI"
          },
          {
            "rank": 128,
            "value": 4829473,
            "placeDcid": "country/OMN"
          },
          {
            "rank": 129,
            "value": 4666368,
            "placeDcid": "country/CAF"
          },
          {
            "rank": 130,
            "value": 4614000,
            "placeDcid": "country/LBR"
          },
          {
            "rank": 131,
            "value": 4420110,
            "placeDcid": "country/KWT"
          },
          {
            "rank": 132,
            "value": 4301000,
            "placeDcid": "country/MRT"
          },
          {
            "rank": 133,
            "value": 4171000,
            "placeDcid": "country/HRV"
          },
          {
            "rank": 134,
            "value": 4034000,
            "placeDcid": "country/PAN"
          },
          {
            "rank": 135,
            "value": 3719000,
            "placeDcid": "country/GEO"
          },
          {
            "rank": 136,
            "value": 3552000,
            "placeDcid": "country/MDA"
          },
          {
            "rank": 137,
            "value": 3517000,
            "placeDcid": "country/BIH"
          },
          {
            "rank": 138,
            "value": 3444000,
            "placeDcid": "country/URY"
          },
          {
            "rank": 139,
            "value": 3193694,
            "placeDcid": "country/PRI"
          },
          {
            "rank": 140,
            "value": 3027000,
            "placeDcid": "country/MNG"
          },
          {
            "rank": 141,
            "value": 2925000,
            "placeDcid": "country/ARM"
          },
          {
            "rank": 142,
            "value": 2881000,
            "placeDcid": "country/JAM"
          },
          {
            "rank": 143,
            "value": 2876000,
            "placeDcid": "country/ALB"
          },
          {
            "rank": 144,
            "value": 2872000,
            "placeDcid": "country/LTU"
          },
          {
            "rank": 145,
            "value": 2795484,
            "placeDcid": "country/QAT"
          },
          {
            "rank": 146,
            "value": 2746745,
            "placeDcid": "country/NAM"
          },
          {
            "rank": 147,
            "value": 2254068,
            "placeDcid": "country/BWA"
          },
          {
            "rank": 148,
            "value": 2204000,
            "placeDcid": "country/LSO"
          },
          {
            "rank": 149,
            "value": 2119275,
            "placeDcid": "country/GAB"
          },
          {
            "rank": 150,
            "value": 2077132,
            "placeDcid": "country/MKD"
          },
          {
            "rank": 151,
            "value": 2065000,
            "placeDcid": "country/SVN"
          },
          {
            "rank": 152,
            "value": 2039000,
            "placeDcid": "country/GMB"
          },
          {
            "rank": 153,
            "value": 1919970,
            "placeDcid": "country/LVA"
          },
          {
            "rank": 154,
            "value": 1873160,
            "placeDcid": "country/XKS"
          },
          {
            "rank": 155,
            "value": 1816000,
            "placeDcid": "country/GNB"
          },
          {
            "rank": 156,
            "value": 1569446,
            "placeDcid": "country/BHR"
          },
          {
            "rank": 157,
            "value": 1454789,
            "placeDcid": "country/GNQ"
          },
          {
            "rank": 158,
            "value": 1365000,
            "placeDcid": "country/TTO"
          },
          {
            "rank": 159,
            "value": 1316000,
            "placeDcid": "country/EST"
          },
          {
            "rank": 160,
            "value": 1269000,
            "placeDcid": "country/TLS"
          },
          {
            "rank": 161,
            "value": 1265475,
            "placeDcid": "country/MUS"
          },
          {
            "rank": 162,
            "value": 1136281,
            "placeDcid": "country/SWZ"
          },
          {
            "rank": 163,
            "value": 926276,
            "placeDcid": "country/FJI"
          },
          {
            "rank": 164,
            "value": 921804,
            "placeDcid": "country/DJI"
          },
          {
            "rank": 165,
            "value": 875899,
            "placeDcid": "country/CYP"
          },
          {
            "rank": 166,
            "value": 859959,
            "placeDcid": "country/REU"
          },
          {
            "rank": 167,
            "value": 850688,
            "placeDcid": "country/COM"
          },
          {
            "rank": 168,
            "value": 798000,
            "placeDcid": "country/BTN"
          },
          {
            "rank": 169,
            "value": 743700,
            "placeDcid": "country/GUY"
          },
          {
            "rank": 170,
            "value": 652857,
            "placeDcid": "country/SLB"
          },
          {
            "rank": 171,
            "value": 650834,
            "placeDcid": "country/MAC"
          },
          {
            "rank": 172,
            "value": 623000,
            "placeDcid": "country/MNE"
          },
          {
            "rank": 173,
            "value": 613894,
            "placeDcid": "country/LUX"
          },
          {
            "rank": 174,
            "value": 582000,
            "placeDcid": "country/ESH"
          },
          {
            "rank": 175,
            "value": 575990,
            "placeDcid": "country/SUR"
          },
          {
            "rank": 176,
            "value": 543767,
            "placeDcid": "country/CPV"
          },
          {
            "rank": 177,
            "value": 502585,
            "placeDcid": "wikidataId/Q40362"
          },
          {
            "rank": 178,
            "value": 493559,
            "placeDcid": "country/MLT"
          },
          {
            "rank": 179,
            "value": 459500,
            "placeDcid": "country/BRN"
          },
          {
            "rank": 180,
            "value": 419199,
            "placeDcid": "country/BLZ"
          },
          {
            "rank": 181,
            "value": 395700,
            "placeDcid": "country/GLP"
          },
          {
            "rank": 182,
            "value": 385637,
            "placeDcid": "country/BHS"
          },
          {
            "rank": 183,
            "value": 379270,
            "placeDcid": "country/MDV"
          },
          {
            "rank": 184,
            "value": 376480,
            "placeDcid": "country/MTQ"
          },
          {
            "rank": 185,
            "value": 356991,
            "placeDcid": "country/ISL"
          },
          {
            "rank": 186,
            "value": 326000,
            "placeDcid": "wikidataId/Q23681"
          },
          {
            "rank": 187,
            "value": 307815,
            "placeDcid": "country/VUT"
          },
          {
            "rank": 188,
            "value": 294071,
            "placeDcid": "country/GUF"
          },
          {
            "rank": 189,
            "value": 287025,
            "placeDcid": "country/BRB"
          },
          {
            "rank": 190,
            "value": 278500,
            "placeDcid": "country/NCL"
          },
          {
            "rank": 191,
            "value": 275918,
            "placeDcid": "country/PYF"
          },
          {
            "rank": 192,
            "value": 270372,
            "placeDcid": "country/MYT"
          },
          {
            "rank": 193,
            "value": 242000,
            "placeDcid": "wikidataId/Q31354462"
          },
          {
            "rank": 194,
            "value": 211028,
            "placeDcid": "country/STP"
          },
          {
            "rank": 195,
            "value": 202506,
            "placeDcid": "country/WSM"
          },
          {
            "rank": 196,
            "value": 197041,
            "placeDcid": "country/ANT"
          },
          {
            "rank": 197,
            "value": 184751,
            "placeDcid": "country/LCA"
          },
          {
            "rank": 198,
            "value": 167772,
            "placeDcid": "country/GUM"
          },
          {
            "rank": 199,
            "value": 160337,
            "placeDcid": "country/CUW"
          },
          {
            "rank": 200,
            "value": 150932,
            "placeDcid": "wikidataId/Q244165"
          },
          {
            "rank": 201,
            "value": 119940,
            "placeDcid": "country/KIR"
          },
          {
            "rank": 202,
            "value": 112309,
            "placeDcid": "country/ABW"
          },
          {
            "rank": 203,
            "value": 111454,
            "placeDcid": "country/GRD"
          },
          {
            "rank": 204,
            "value": 110211,
            "placeDcid": "country/VCT"
          },
          {
            "rank": 205,
            "value": 105500,
            "placeDcid": "country/JEY"
          },
          {
            "rank": 206,
            "value": 104901,
            "placeDcid": "country/VIR"
          },
          {
            "rank": 207,
            "value": 104468,
            "placeDcid": "country/FSM"
          },
          {
            "rank": 208,
            "value": 100651,
            "placeDcid": "country/TON"
          },
          {
            "rank": 209,
            "value": 98462,
            "placeDcid": "country/SYC"
          },
          {
            "rank": 210,
            "value": 96286,
            "placeDcid": "country/ATG"
          },
          {
            "rank": 211,
            "value": 85888,
            "placeDcid": "country/IMN"
          },
          {
            "rank": 212,
            "value": 76177,
            "placeDcid": "country/AND"
          },
          {
            "rank": 213,
            "value": 71625,
            "placeDcid": "country/DMA"
          },
          {
            "rank": 214,
            "value": 65024,
            "placeDcid": "country/BMU"
          },
          {
            "rank": 215,
            "value": 63026,
            "placeDcid": "country/GGY"
          },
          {
            "rank": 216,
            "value": 58435,
            "placeDcid": "country/CYM"
          },
          {
            "rank": 217,
            "value": 58413,
            "placeDcid": "country/MHL"
          },
          {
            "rank": 218,
            "value": 56081,
            "placeDcid": "country/GRL"
          },
          {
            "rank": 219,
            "value": 55689,
            "placeDcid": "country/ASM"
          },
          {
            "rank": 220,
            "value": 55144,
            "placeDcid": "country/MNP"
          },
          {
            "rank": 221,
            "value": 52441,
            "placeDcid": "country/KNA"
          },
          {
            "rank": 222,
            "value": 51336,
            "placeDcid": "country/FRO"
          },
          {
            "rank": 223,
            "value": 38378,
            "placeDcid": "country/LIE"
          },
          {
            "rank": 224,
            "value": 37132,
            "placeDcid": "country/SXM"
          },
          {
            "rank": 225,
            "value": 35684,
            "placeDcid": "country/MAF"
          },
          {
            "rank": 226,
            "value": 34453,
            "placeDcid": "country/SMR"
          },
          {
            "rank": 227,
            "value": 33140,
            "placeDcid": "country/GIB"
          },
          {
            "rank": 228,
            "value": 33098,
            "placeDcid": "country/TCA"
          },
          {
            "rank": 229,
            "value": 33085,
            "placeDcid": "country/MCO"
          },
          {
            "rank": 230,
            "value": 31758,
            "placeDcid": "country/VGB"
          },
          {
            "rank": 231,
            "value": 25987,
            "placeDcid": "country/BES"
          },
          {
            "rank": 232,
            "value": 17907,
            "placeDcid": "country/PLW"
          },
          {
            "rank": 233,
            "value": 17459,
            "placeDcid": "country/COK"
          },
          {
            "rank": 234,
            "value": 15094,
            "placeDcid": "country/AIA"
          },
          {
            "rank": 235,
            "value": 12197,
            "placeDcid": "country/WLF"
          },
          {
            "rank": 236,
            "value": 11646,
            "placeDcid": "country/TUV"
          },
          {
            "rank": 237,
            "value": 10670,
            "placeDcid": "country/NRU"
          },
          {
            "rank": 238,
            "value": 9625,
            "placeDcid": "country/BLM"
          },
          {
            "rank": 239,
            "value": 6057,
            "placeDcid": "country/SPM"
          },
          {
            "rank": 240,
            "value": 5215,
            "placeDcid": "country/MSR"
          },
          {
            "rank": 241,
            "value": 4550,
            "placeDcid": "country/FLK"
          },
          {
            "rank": 242,
            "value": 4534,
            "placeDcid": "country/SHN"
          },
          {
            "rank": 243,
            "value": 1843,
            "placeDcid": "country/CXR"
          },
          {
            "rank": 244,
            "value": 1748,
            "placeDcid": "country/NFK"
          },
          {
            "rank": 245,
            "value": 1620,
            "placeDcid": "country/NIU"
          },
          {
            "rank": 246,
            "value": 1499,
            "placeDcid": "country/TKL"
          }
        ]
      }
    }
  }
}