{
  "nodes": [
    {
      "neighbors": [
        {
          "property": "interactingProtein",
          "direction": "DIRECTION_IN",
          "nodes": [
            {
              "neighbors": [
                {
                  "property": "name",
                  "direction": "DIRECTION_OUT",
                  "nodes": [
                    {
                      "value": "UBP3_YEAST_AHP1_YEAST"
                    }
                  ]
                },
                {
                  "property": "confidenceScore",
                  "direction": "DIRECTION_OUT",
                  "nodes": [
                    {
                      "neighbors": [
                        {
                          "property": "value",
                          "direction": "DIRECTION_OUT",
                          "nodes": [
                            {
                              "value": "0.35"
                            }
                          ]
                        }
                      ],
                      "value": "IntactMiScore0.35"
                    }
                  ]
                }
              ],
              "value": "bio/UBP3_YEAST_AHP1_YEAST"
            },
            {
              "neighbors": [
                {
                  "property": "name",
                  "direction": "DIRECTION_OUT",
                  "nodes": [
                    {
                      "value": "SLX4_YEAST_AHP1_YEAST"
                    }
                  ]
                },
                {
                  "property": "confidenceScore",
                  "direction": "DIRECTION_OUT",
                  "nodes": [
                    {
                      "neighbors": [
                        {
                          "property": "value",
                          "direction": "DIRECTION_OUT",
                          "nodes": [
                            {
                              "value": "0.40"
                            }
                          ]
                        }
                      ],
                      "value": "IntactMiScore0.40"
                    }
                  ]
                }
              ],
              "value": "bio/SLX4_YEAST_AHP1_YEAST"
            },
            {
              "neighbors": [
                {
                  "property": "name",
                  "direction": "DIRECTION_OUT",
                  "nodes": [
                    {
                      "value": "PXA2_YEAST_AHP1_YEAST"
                    }
                  ]
                },
                {
                  "property": "confidenceScore",
                  "direction": "DIRECTION_OUT",
                  "nodes": [
                    {
                      "neighbors": [
                        {
                          "property": "value",
                          "direction": "DIRECTION_OUT",
                          "nodes": [
                            {
                              "value": "0.51"
                            }
                          ]
                        }
                      ],
                      "value": "IntactMiScore0.51"
                    }
                  ]
                }
              ],
              "value": "bio/PXA2_YEAST_AHP1_YEAST"
            },
            {
              "neighbors": [
                {
                  "property": "name",
                  "direction": "DIRECTION_OUT",
                  "nodes": [
                    {
                      "value": "PXA1_YEAST_AHP1_YEAST"
                    }
                  ]
                },
                {
                  "property": "confidenceScore",
                  "direction": "DIRECTION_OUT",
                  "nodes": [
                    {
                      "neighbors": [
                        {
                          "property": "value",
                          "direction": "DIRECTION_OUT",
                          "nodes": [
                            {
                              "value": "0.37"
                            }
                          ]
                        }
                      ],
                      "value": "IntactMiScore0.37"
                    }
                  ]
                }
              ],
              "value": "bio/PXA1_YEAST_AHP1_YEAST"
            },
            {
              "neighbors": [
                {
                  "property": "name",
                  "direction": "DIRECTION_OUT",
                  "nodes": [
                    {
                      "value": "CSK21_YEAST_AHP1_YEAST"
                    }
                  ]
                },
                {
                  "property": "confidenceScore",
                  "direction": "DIRECTION_OUT",
                  "nodes": [
                    {
                      "neighbors": [
                        {
                          "property": "value",
                          "direction": "DIRECTION_OUT",
                          "nodes": [
                            {
                              "value": "0.40"
                            }
                          ]
                        }
                      ],
                      "value": "IntactMiScore0.40"
                    }
                  ]
                }
              ],
              "value": "bio/CSK21_YEAST_AHP1_YEAST"
            },
            {
              "neighbors": [
                {
                  "property": "name",
                  "direction": "DIRECTION_OUT",
                  "nodes": [
                    {
                      "value": "CKS1_YEAST_AHP1_YEAST"
                    }
                  ]
                },
                {
                  "property": "confidenceScore",
                  "direction": "DIRECTION_OUT",
                  "nodes": [
                    {
                      "neighbors": [
                        {
                          "property": "value",
                          "direction": "DIRECTION_OUT",
                          "nodes": [
                            {
                              "value": "0.40"
                            }
                          ]
                        }
                      ],
                      "value": "IntactMiScore0.40"
                    }
                  ]
                }
              ],
              "value": "bio/CKS1_YEAST_AHP1_YEAST"
            },
            {
              "neighbors": [
                {
                  "property": "name",
                  "direction": "DIRECTION_OUT",
                  "nodes": [
                    {
                      "value": "BRE5_YEAST_AHP1_YEAST"
                    }
                  ]
                },
                {
                  "property": "confidenceScore",
                  "direction": "DIRECTION_OUT",
                  "nodes": [
                    {
                      "neighbors": [
                        {
                          "property": "value",
                          "direction": "DIRECTION_OUT",
                          "nodes": [
                            {
                              "value": "0.35"
                            }
                          ]
                        }
                      ],
                      "value": "IntactMiScore0.35"
                    }
                  ]
                }
              ],
              "value": "bio/BRE5_YEAST_AHP1_YEAST"
            },
            {
              "neighbors": [
                {
                  "property": "name",
                  "direction": "DIRECTION_OUT",
                  "nodes": [
                    {
                      "value": "AHP1_YEAST_SSB2_YEAST"
                    }
                  ]
                },
                {
                  "property": "confidenceScore",
                  "direction": "DIRECTION_OUT",
                  "nodes": [
                    {
                      "neighbors": [
                        {
                          "property": "value",
                          "direction": "DIRECTION_OUT",
                          "nodes": [
                            {
                              "value": "0.59"
                            }
                          ]
                        }
                      ],
                      "value": "IntactMiScore0.59"
                    }
                  ]
                }
              ],
              "value": "bio/AHP1_YEAST_SSB2_YEAST"
            },
            {
              "neighbors": [
                {
                  "property": "name",
                  "direction": "DIRECTION_OUT",
                  "nodes": [
                    {
                      "value": "AHP1_YEAST_MRT4_YEAST"
                    }
                  ]
                },
                {
                  "property": "confidenceScore",
                  "direction": "DIRECTION_OUT",
                  "nodes": [
                    {
                      "neighbors": [
                        {
                          "property": "value",
                          "direction": "DIRECTION_OUT",
                          "nodes": [
                            {
                              "value": "0.22"
                            }
                          ]
                        }
                      ],
                      "value": "IntactMiScore0.22"
                    }
                  ]
                }
              ],
              "value": "bio/AHP1_YEAST_MRT4_YEAST"
            },
            {
              "neighbors": [
                {
                  "property": "name",
                  "direction": "DIRECTION_OUT",
                  "nodes": [
                    {
                      "value": "AHP1_YEAST_HAT1_YEAST"
                    }
                  ]
                },
                {
                  "property": "confidenceScore",
                  "direction": "DIRECTION_OUT",
                  "nodes": [
                    {
                      "neighbors": [
                        {
                          "property": "value",
                          "direction": "DIRECTION_OUT",
                          "nodes": [
                            {
                              "value": "0.40"
                            }
                          ]
                        }
                      ],
                      "value": "IntactMiScore0.40"
                    }
                  ]
                }
              ],
              "value": "bio/AHP1_YEAST_HAT1_YEAST"
            },
            {
              "neighbors": [
                {
                  "property": "name",
                  "direction": "DIRECTION_OUT",
                  "nodes": [
                    {
                      "value": "AHP1_YEAST_GPD2_YEAST"
                    }
                  ]
                },
                {
                  "property": "confidenceScore",
                  "direction": "DIRECTION_OUT",
                  "nodes": [
                    {
                      "neighbors": [
                        {
                          "property": "value",
                          "direction": "DIRECTION_OUT",
                          "nodes": [
                            {
                              "value": "0.40"
                            }
                          ]
                        }
                      ],
                      "value": "IntactMiScore0.40"
                    }
                  ]
                }
              ],
              "value": "bio/AHP1_YEAST_GPD2_YEAST"
            },
            {
              "neighbors": [
                {
                  "property": "name",
                  "direction": "DIRECTION_OUT",
                  "nodes": [
                    {
                      "value": "AHP1_YEAST_ERF3_YEAST"
                    }
                  ]
                },
                {
                  "property": "confidenceScore",
                  "direction": "DIRECTION_OUT",
                  "nodes": [
                    {
                      "neighbors": [
                        {
                          "property": "value",
                          "direction": "DIRECTION_OUT",
                          "nodes": [
                            {
                              "value": "0.40"
                            }
                          ]
                        }
                      ],
                      "value": "IntactMiScore0.40"
                    }
                  ]
                }
              ],
              "value": "bio/AHP1_YEAST_ERF3_YEAST"
            }
          ]
        }
      ],
      "value": "bio/AHP1_YEAST"
    }
  ]
}