{
  "data": {
    "Count_Person": {
      "rankFromTop": 18,
      "rankFromBottom": 3090
    },
    "Median_Age_Person": {
      "rankFromTop": 2600,
      "rankFromBottom": 587
    },
    "Median_Income_Person": {
      "rankFromTop": 19,
      "rankFromBottom": 3168
    },
    "UnemploymentRate_Person": {
      "rankFromTop": 2464,
      "rankFromBottom": 721
    }
  }
}