{
  "data": {
    "Count_CriminalActivities_CombinedCrime": {
      "rankFromTop": 1,
      "rankFromBottom": 50
    }
  }
}