{
  "data": [
    {
      "node": "country/USA",
      "values": [
        {
          "name": "North America",
          "types": [
            "Continent"
          ],
          "dcid": "northamerica",
          "provenanceId": "dc/base/WikidataOtherIdGeos"
        }
      ]
    },
    {
      "node": "geoId/06053",
      "values": [
        {
          "name": "California",
          "types": [
            "AdministrativeArea1",
            "State"
          ],
          "dcid": "geoId/06",
          "provenanceId": "dc/base/WikidataOtherIdGeos"
        }
      ]
    },
    {
      "node": "geoId/06",
      "values": [
        {
          "name": "United States",
          "types": [
            "Country"
          ],
          "dcid": "country/USA",
          "provenanceId": "dc/base/WikidataOtherIdGeos"
        },
        {
          "name": "Pacific Division",
          "types": [
            "CensusDivision"
          ],
          "dcid": "usc/PacificDivision",
          "provenanceId": "dc/base/WikidataOtherIdGeos"
        }
      ]
    }
  ]
}