{
  "country/USA": {
    "data": {
      "1990": 23640,
      "1991": 24100,
      "1992": 25090,
      "1993": 25910,
      "1994": 27250,
      "1995": 28450,
      "1996": 29870,
      "1997": 31500,
      "1998": 33120,
      "1999": 34730,
      "2000": 36800,
      "2001": 37710,
      "2002": 38430,
      "2003": 39760,
      "2004": 42070,
      "2005": 44550,
      "2006": 47140,
      "2007": 48300,
      "2008": 48400,
      "2009": 47030,
      "2010": 49050,
      "2011": 50870,
      "2012": 53130,
      "2013": 54380,
      "2014": 56670,
      "2015": 58180,
      "2016": 58870,
      "2017": 61190,
      "2018": 64090,
      "2019": 66120,
      "2020": 64210,
      "2021": 70480
    },
    "placeName": "United States",
    "provenanceUrl": "https://datacatalog.worldbank.org/dataset/world-development-indicators/"
  }
}