{
  "placeCoordinates": [
    {
      "latitude": 37.42,
      "longitude": -122.08,
      "placeDcids": [
        "zip/94043",
        "ipcc_50/37.25_-122.25_USA",
        "geoId/sch0626310",
        "geoId/sch0626280",
        "geoId/0649670",
        "geoId/0618",
        "geoId/0608592830",
        "geoId/06085504601",
        "geoId/06085",
        "geoId/06",
        "country/USA"
      ]
    },
    {
      "latitude": 32.41,
      "longitude": -102.11,
      "placeDcids": [
        "ipcc_50/32.25_-102.25_USA",
        "geoId/sch4825790",
        "geoId/48317950100",
        "geoId/4831793835",
        "geoId/48317",
        "geoId/4811",
        "geoId/48",
        "country/USA"
      ]
    }
  ]
}