{
  "data": {
    "Count_Person_FoodInsecure": {
      "stat_date": [
        {
          "date_place_count": {
            "2018": 3193,
            "2019": 3193
          },
          "metadata": {
            "import_name": "Feeding America",
            "provenance_url": "https://www.feedingamerica.org/",
            "measurement_method": "FeedingAmerica_Estimate"
          }
        }
      ]
    },
    "Mean_MealCost_Person_FoodSecure": {
      "stat_date": [
        {
          "date_place_count": {
            "2018": 3193,
            "2019": 3193
          },
          "metadata": {
            "import_name": "Feeding America",
            "provenance_url": "https://www.feedingamerica.org/",
            "measurement_method": "FeedingAmerica_Estimate",
            "unit": "USDollar"
          }
        }
      ]
    }
  }
}