{
  "statVarSeries": {
    "geoId/0606000": {
      "data": {
        "Count_Person": {
          "val": {
            "1990": 102847,
            "1991": 103137,
            "1992": 102952,
            "1993": 104636,
            "1994": 104816,
            "1995": 105422,
            "1996": 105407,
            "1997": 106886,
            "1998": 108070,
            "1999": 108319,
            "2000": 102936,
            "2001": 103714,
            "2002": 102990,
            "2003": 101575,
            "2004": 100819,
            "2005": 100200,
            "2006": 100579,
            "2007": 100667,
            "2008": 101380,
            "2009": 103070,
            "2010": 112938,
            "2011": 114477,
            "2012": 115819,
            "2013": 117373,
            "2014": 119348,
            "2015": 121175,
            "2016": 122175,
            "2017": 123084,
            "2018": 123541,
            "2019": 123757,
            "2020": 119463,
            "2021": 117145
          },
          "metadata": {
            "importName": "USCensusPEP_Annual_Population",
            "provenanceUrl": "https://www2.census.gov/programs-surveys/popest/tables",
            "measurementMethod": "CensusPEPSurvey",
            "observationPeriod": "P1Y"
          }
        }
      }
    },
    "geoId/2836000": {
      "data": {
        "Count_Person": {
          "val": {
            "1990": 196575,
            "1991": 196526,
            "1992": 195371,
            "1993": 194282,
            "1994": 190655,
            "1995": 188284,
            "1996": 186656,
            "1997": 184294,
            "1998": 182919,
            "1999": 180664,
            "2000": 186375,
            "2001": 184343,
            "2002": 182710,
            "2003": 181918,
            "2004": 181834,
            "2005": 180520,
            "2006": 180821,
            "2007": 178426,
            "2008": 176409,
            "2009": 176259,
            "2010": 173703,
            "2011": 175166,
            "2012": 174853,
            "2013": 172970,
            "2014": 172065,
            "2015": 170970,
            "2016": 169074,
            "2017": 166864,
            "2018": 163784,
            "2019": 160658,
            "2020": 152846,
            "2021": 149761
          },
          "metadata": {
            "importName": "USCensusPEP_Annual_Population",
            "provenanceUrl": "https://www2.census.gov/programs-surveys/popest/tables",
            "measurementMethod": "CensusPEPSurvey",
            "observationPeriod": "P1Y"
          }
        }
      }
    },
    "zip/94618": {
      "data": {
        "Count_Person": {
          "val": {
            "2011": 16753,
            "2012": 17074,
            "2013": 17226,
            "2014": 17007,
            "2015": 16884,
            "2016": 16620,
            "2017": 16566,
            "2018": 17041,
            "2019": 17252,
            "2020": 17110
          },
          "metadata": {
            "importName": "CensusACS5YearSurvey",
            "provenanceUrl": "https://www.census.gov/programs-surveys/acs/data/data-via-ftp.html",
            "measurementMethod": "CensusACS5yrSurvey"
          }
        }
      }
    }
  },
  "allChildPlaces": {
    "CensusZipCodeTabulationArea": {
      "places": [
        {
          "dcid": "zip/94611",
          "name": "94611",
          "pop": 39042
        },
        {
          "dcid": "zip/94610",
          "name": "94610",
          "pop": 31553
        },
        {
          "dcid": "zip/94618",
          "name": "94618",
          "pop": 17110
        }
      ]
    }
  },
  "latestPopulation": {
    "country/USA": {
      "date": "2021",
      "value": 331893745,
      "metadata": {
        "importName": "USCensusPEP_Annual_Population",
        "provenanceUrl": "https://www2.census.gov/programs-surveys/popest/tables",
        "measurementMethod": "CensusPEPSurvey",
        "observationPeriod": "P1Y"
      }
    },
    "geoId/06": {
      "date": "2021",
      "value": 39237836,
      "metadata": {
        "importName": "USCensusPEP_Annual_Population",
        "provenanceUrl": "https://www2.census.gov/programs-surveys/popest/tables",
        "measurementMethod": "CensusPEPSurvey",
        "observationPeriod": "P1Y"
      }
    },
    "geoId/06001": {
      "date": "2021",
      "value": 1648556,
      "metadata": {
        "importName": "USCensusPEP_Annual_Population",
        "provenanceUrl": "https://www2.census.gov/programs-surveys/popest/tables",
        "measurementMethod": "CensusPEPSurvey",
        "observationPeriod": "P1Y"
      }
    },
    "geoId/0600562": {
      "date": "2021",
      "value": 76362,
      "metadata": {
        "importName": "USCensusPEP_Annual_Population",
        "provenanceUrl": "https://www2.census.gov/programs-surveys/popest/tables",
        "measurementMethod": "CensusPEPSurvey",
        "observationPeriod": "P1Y"
      }
    },
    "geoId/0606000": {
      "date": "2021",
      "value": 117145,
      "metadata": {
        "importName": "USCensusPEP_Annual_Population",
        "provenanceUrl": "https://www2.census.gov/programs-surveys/popest/tables",
        "measurementMethod": "CensusPEPSurvey",
        "observationPeriod": "P1Y"
      }
    },
    "geoId/0653000": {
      "date": "2021",
      "value": 433823,
      "metadata": {
        "importName": "USCensusPEP_Annual_Population",
        "provenanceUrl": "https://www2.census.gov/programs-surveys/popest/tables",
        "measurementMethod": "CensusPEPSurvey",
        "observationPeriod": "P1Y"
      }
    },
    "geoId/0656938": {
      "date": "2021",
      "value": 11107,
      "metadata": {
        "importName": "USCensusPEP_Annual_Population",
        "provenanceUrl": "https://www2.census.gov/programs-surveys/popest/tables",
        "measurementMethod": "CensusPEPSurvey",
        "observationPeriod": "P1Y"
      }
    },
    "geoId/0660620": {
      "date": "2021",
      "value": 115639,
      "metadata": {
        "importName": "USCensusPEP_Annual_Population",
        "provenanceUrl": "https://www2.census.gov/programs-surveys/popest/tables",
        "measurementMethod": "CensusPEPSurvey",
        "observationPeriod": "P1Y"
      }
    },
    "geoId/0668084": {
      "date": "2021",
      "value": 88868,
      "metadata": {
        "importName": "USCensusPEP_Annual_Population",
        "provenanceUrl": "https://www2.census.gov/programs-surveys/popest/tables",
        "measurementMethod": "CensusPEPSurvey",
        "observationPeriod": "P1Y"
      }
    },
    "geoId/0820000": {
      "date": "2021",
      "value": 711463,
      "metadata": {
        "importName": "USCensusPEP_Annual_Population",
        "provenanceUrl": "https://www2.census.gov/programs-surveys/popest/tables",
        "measurementMethod": "CensusPEPSurvey",
        "observationPeriod": "P1Y"
      }
    },
    "geoId/2836000": {
      "date": "2021",
      "value": 149761,
      "metadata": {
        "importName": "USCensusPEP_Annual_Population",
        "provenanceUrl": "https://www2.census.gov/programs-surveys/popest/tables",
        "measurementMethod": "CensusPEPSurvey",
        "observationPeriod": "P1Y"
      }
    },
    "geoId/4055000": {
      "date": "2021",
      "value": 687725,
      "metadata": {
        "importName": "USCensusPEP_Annual_Population",
        "provenanceUrl": "https://www2.census.gov/programs-surveys/popest/tables",
        "measurementMethod": "CensusPEPSurvey",
        "observationPeriod": "P1Y"
      }
    },
    "geoId/4261000": {
      "date": "2021",
      "value": 300431,
      "metadata": {
        "importName": "USCensusPEP_Annual_Population",
        "provenanceUrl": "https://www2.census.gov/programs-surveys/popest/tables",
        "measurementMethod": "CensusPEPSurvey",
        "observationPeriod": "P1Y"
      }
    },
    "geoId/4752006": {
      "date": "2021",
      "value": 678851,
      "metadata": {
        "importName": "USCensusPEP_Annual_Population",
        "provenanceUrl": "https://www2.census.gov/programs-surveys/popest/tables",
        "measurementMethod": "CensusPEPSurvey",
        "observationPeriod": "P1Y"
      }
    },
    "zip/94610": {
      "date": "2020",
      "value": 31553,
      "metadata": {
        "importName": "CensusACS5YearSurvey",
        "provenanceUrl": "https://www.census.gov/programs-surveys/acs/data/data-via-ftp.html",
        "measurementMethod": "CensusACS5yrSurvey"
      }
    },
    "zip/94611": {
      "date": "2020",
      "value": 39042,
      "metadata": {
        "importName": "CensusACS5YearSurvey",
        "provenanceUrl": "https://www.census.gov/programs-surveys/acs/data/data-via-ftp.html",
        "measurementMethod": "CensusACS5yrSurvey"
      }
    },
    "zip/94618": {
      "date": "2020",
      "value": 17110,
      "metadata": {
        "importName": "CensusACS5YearSurvey",
        "provenanceUrl": "https://www.census.gov/programs-surveys/acs/data/data-via-ftp.html",
        "measurementMethod": "CensusACS5yrSurvey"
      }
    }
  },
  "validCategories": {
    "country/USA": {
      "category": [
        "Crime",
        "Demographics",
        "Economics",
        "Education",
        "Energy",
        "Environment",
        "Equity",
        "Health",
        "Housing",
        "Overview"
      ]
    },
    "geoId/06": {
      "category": [
        "Crime",
        "Demographics",
        "Economics",
        "Education",
        "Energy",
        "Environment",
        "Equity",
        "Health",
        "Housing",
        "Overview"
      ]
    },
    "geoId/06001": {
      "category": [
        "Demographics",
        "Economics",
        "Education",
        "Environment",
        "Equity",
        "Health",
        "Housing",
        "Overview"
      ]
    },
    "geoId/0600562": {
      "category": [
        "Crime",
        "Demographics",
        "Economics",
        "Education",
        "Environment",
        "Equity",
        "Health",
        "Housing",
        "Overview"
      ]
    },
    "geoId/0606000": {
      "category": [
        "Crime",
        "Demographics",
        "Economics",
        "Education",
        "Environment",
        "Equity",
        "Health",
        "Housing",
        "Overview"
      ]
    },
    "geoId/0653000": {
      "category": [
        "Crime",
        "Demographics",
        "Economics",
        "Education",
        "Environment",
        "Equity",
        "Health",
        "Housing",
        "Overview"
      ]
    },
    "geoId/0656938": {
      "category": [
        "Crime",
        "Demographics",
        "Economics",
        "Education",
        "Environment",
        "Equity",
        "Health",
        "Housing",
        "Overview"
      ]
    },
    "geoId/0660620": {
      "category": [
        "Crime",
        "Demographics",
        "Economics",
        "Education",
        "Environment",
        "Equity",
        "Health",
        "Housing",
        "Overview"
      ]
    },
    "geoId/0668084": {
      "category": [
        "Crime",
        "Demographics",
        "Economics",
        "Education",
        "Environment",
        "Equity",
        "Health",
        "Housing",
        "Overview"
      ]
    },
    "geoId/0820000": {
      "category": [
        "Crime",
        "Demographics",
        "Economics",
        "Education",
        "Environment",
        "Equity",
        "Health",
        "Housing",
        "Overview"
      ]
    },
    "geoId/2836000": {
      "category": [
        "Crime",
        "Demographics",
        "Economics",
        "Education",
        "Environment",
        "Equity",
        "Health",
        "Housing",
        "Overview"
      ]
    },
    "geoId/4055000": {
      "category": [
        "Crime",
        "Demographics",
        "Economics",
        "Education",
        "Environment",
        "Equity",
        "Health",
        "Housing",
        "Overview"
      ]
    },
    "geoId/4261000": {
      "category": [
        "Crime",
        "Demographics",
        "Economics",
        "Education",
        "Environment",
        "Equity",
        "Health",
        "Housing",
        "Overview"
      ]
    },
    "geoId/4752006": {
      "category": [
        "Crime",
        "Demographics",
        "Economics",
        "Education",
        "Environment",
        "Equity",
        "Health",
        "Housing",
        "Overview"
      ]
    },
    "northamerica": {},
    "zip/94610": {
      "category": [
        "Demographics",
        "Economics",
        "Education",
        "Equity",
        "Health",
        "Housing",
        "Overview"
      ]
    },
    "zip/94611": {
      "category": [
        "Demographics",
        "Economics",
        "Education",
        "Equity",
        "Health",
        "Housing",
        "Overview"
      ]
    },
    "zip/94618": {
      "category": [
        "Demographics",
        "Economics",
        "Education",
        "Equity",
        "Health",
        "Housing",
        "Overview"
      ]
    }
  },
  "childPlacesType": "CensusZipCodeTabulationArea",
  "childPlaces": [
    "zip/94611",
    "zip/94610",
    "zip/94618"
  ],
  "parentPlaces": [
    "geoId/06001",
    "geoId/06",
    "country/USA",
    "northamerica"
  ],
  "similarPlaces": [
    "geoId/4752006",
    "geoId/4261000",
    "geoId/0820000",
    "geoId/2836000",
    "geoId/4055000"
  ],
  "nearbyPlaces": [
    "geoId/0653000",
    "geoId/0606000",
    "geoId/0660620",
    "geoId/0668084",
    "geoId/0600562"
  ]
}