{
  "triples": {
    "name": {
      "nodes": [
        {
          "provenanceId": "dc/base/BaseSchema",
          "value": "Country"
        }
      ]
    },
    "provenance": {
      "nodes": [
        {
          "name": "BaseSchema",
          "types": [
            "Provenance"
          ],
          "dcid": "dc/base/BaseSchema",
          "provenanceId": "dc/base/BaseSchema"
        }
      ]
    },
    "subClassOf": {
      "nodes": [
        {
          "name": "AdministrativeArea",
          "types": [
            "Class"
          ],
          "dcid": "AdministrativeArea",
          "provenanceId": "dc/base/BaseSchema"
        }
      ]
    },
    "typeOf": {
      "nodes": [
        {
          "name": "Class",
          "types": [
            "Class"
          ],
          "dcid": "Class",
          "provenanceId": "dc/base/BaseSchema"
        }
      ]
    }
  }
}