{
  "triples": {
    "description": {
      "nodes": [
        {
          "provenanceId": "dc/base/HumanReadableStatVars",
          "value": "Total Number of People in a Population"
        }
      ]
    },
    "measuredProperty": {
      "nodes": [
        {
          "name": "count",
          "types": [
            "Property"
          ],
          "dcid": "count",
          "provenanceId": "dc/base/HumanReadableStatVars"
        }
      ]
    },
    "memberOf": {
      "nodes": [
        {
          "name": "Demographics",
          "types": [
            "StatVarGroup"
          ],
          "dcid": "dc/g/Demographics",
          "provenanceId": "dc/base/HumanReadableStatVars"
        }
      ]
    },
    "name": {
      "nodes": [
        {
          "provenanceId": "dc/base/HumanReadableStatVars",
          "value": "Population"
        }
      ]
    },
    "populationType": {
      "nodes": [
        {
          "name": "Person",
          "types": [
            "Class"
          ],
          "dcid": "Person",
          "provenanceId": "dc/base/HumanReadableStatVars"
        }
      ]
    },
    "provenance": {
      "nodes": [
        {
          "name": "HumanReadableStatVars",
          "types": [
            "Provenance"
          ],
          "dcid": "dc/base/HumanReadableStatVars",
          "provenanceId": "dc/base/HumanReadableStatVars"
        }
      ]
    },
    "statType": {
      "nodes": [
        {
          "name": "measuredValue",
          "types": [
            "Property"
          ],
          "dcid": "measuredValue",
          "provenanceId": "dc/base/HumanReadableStatVars"
        }
      ]
    },
    "typeOf": {
      "nodes": [
        {
          "name": "StatisticalVariable",
          "types": [
            "Class"
          ],
          "dcid": "StatisticalVariable",
          "provenanceId": "dc/base/HumanReadableStatVars"
        }
      ]
    }
  }
}