{
  "statVarSummary": {
    "CumulativeCount_MedicalConditionIncident_COVID_19_ConfirmedOrProbableCase": {
      "placeTypeSummary": {
        "City": {
          "placeCount": 3,
          "topPlaces": [
            {
              "dcid": "geoId/3651000",
              "name": "New York"
            },
            {
              "dcid": "geoId/2938000",
              "name": "Kansas City"
            },
            {
              "dcid": "geoId/2937592",
              "name": "Joplin"
            }
          ],
          "minValue": 1,
          "maxValue": 2422658
        },
        "Country": {
          "placeCount": 1,
          "topPlaces": [
            {
              "dcid": "country/USA",
              "name": "United States"
            }
          ],
          "minValue": 1,
          "maxValue": 103910034
        },
        "County": {
          "placeCount": 3217,
          "topPlaces": [
            {
              "dcid": "geoId/06037",
              "name": "Los Angeles County"
            },
            {
              "dcid": "geoId/17031",
              "name": "Cook County"
            },
            {
              "dcid": "geoId/48201",
              "name": "Harris County"
            }
          ],
          "minValue": 1,
          "maxValue": 2908425
        },
        "State": {
          "placeCount": 56,
          "topPlaces": [
            {
              "dcid": "geoId/06",
              "name": "California"
            },
            {
              "dcid": "geoId/48",
              "name": "Texas"
            },
            {
              "dcid": "geoId/12",
              "name": "Florida"
            }
          ],
          "minValue": 1,
          "maxValue": 12169158
        }
      },
      "provenanceSummary": {
        "dc/base/NYT_COVID19": {
          "importName": "NYT_COVID19",
          "releaseFrequency": "P1D",
          "seriesSummary": [
            {
              "seriesKey": {
                "measurementMethod": "NYT_COVID19_GitHub"
              },
              "earliestDate": "2020-01-21",
              "latestDate": "2023-03-23",
              "placeTypeSummary": {
                "City": {
                  "placeCount": 3,
                  "topPlaces": [
                    {
                      "dcid": "geoId/3651000",
                      "name": "New York"
                    },
                    {
                      "dcid": "geoId/2938000",
                      "name": "Kansas City"
                    },
                    {
                      "dcid": "geoId/2937592",
                      "name": "Joplin"
                    }
                  ],
                  "minValue": 1,
                  "maxValue": 2422658
                },
                "Country": {
                  "placeCount": 1,
                  "topPlaces": [
                    {
                      "dcid": "country/USA",
                      "name": "United States"
                    }
                  ],
                  "minValue": 1,
                  "maxValue": 103910034
                },
                "County": {
                  "placeCount": 3217,
                  "topPlaces": [
                    {
                      "dcid": "geoId/06037",
                      "name": "Los Angeles County"
                    },
                    {
                      "dcid": "geoId/17031",
                      "name": "Cook County"
                    },
                    {
                      "dcid": "geoId/48201",
                      "name": "Harris County"
                    }
                  ],
                  "minValue": 1,
                  "maxValue": 2908425
                },
                "State": {
                  "placeCount": 56,
                  "topPlaces": [
                    {
                      "dcid": "geoId/06",
                      "name": "California"
                    },
                    {
                      "dcid": "geoId/48",
                      "name": "Texas"
                    },
                    {
                      "dcid": "geoId/12",
                      "name": "Florida"
                    }
                  ],
                  "minValue": 1,
                  "maxValue": 12169158
                }
              },
              "minValue": 1,
              "maxValue": 103910034,
              "observationCount": 2543143,
              "timeSeriesCount": 3277
            }
          ],
          "observationCount": 2543143,
          "timeSeriesCount": 3277
        }
      }
    },
    "IncrementalCount_MedicalConditionIncident_COVID_19_ConfirmedOrProbableCase": {
      "placeTypeSummary": {
        "City": {
          "placeCount": 3,
          "topPlaces": [
            {
              "dcid": "geoId/3651000",
              "name": "New York"
            },
            {
              "dcid": "geoId/2938000",
              "name": "Kansas City"
            },
            {
              "dcid": "geoId/2937592",
              "name": "Joplin"
            }
          ],
          "minValue": -794,
          "maxValue": 685785
        },
        "Country": {
          "placeCount": 1,
          "topPlaces": [
            {
              "dcid": "country/USA",
              "name": "United States"
            }
          ],
          "minValue": -23999,
          "maxValue": 20300128
        },
        "County": {
          "placeCount": 3217,
          "topPlaces": [
            {
              "dcid": "geoId/06037",
              "name": "Los Angeles County"
            },
            {
              "dcid": "geoId/17031",
              "name": "Cook County"
            },
            {
              "dcid": "geoId/48201",
              "name": "Harris County"
            }
          ],
          "minValue": -18817,
          "maxValue": 962832
        },
        "State": {
          "placeCount": 56,
          "topPlaces": [
            {
              "dcid": "geoId/06",
              "name": "California"
            },
            {
              "dcid": "geoId/48",
              "name": "Texas"
            },
            {
              "dcid": "geoId/12",
              "name": "Florida"
            }
          ],
          "minValue": -40527,
          "maxValue": 2896206
        }
      },
      "provenanceSummary": {
        "dc/base/NYT_COVID19": {
          "importName": "NYT_COVID19",
          "releaseFrequency": "P1D",
          "seriesSummary": [
            {
              "seriesKey": {
                "measurementMethod": "dcDerivedStat/NYT_COVID19_GitHub"
              },
              "earliestDate": "2020-01-22",
              "latestDate": "2023-03-23",
              "placeTypeSummary": {
                "City": {
                  "placeCount": 3,
                  "topPlaces": [
                    {
                      "dcid": "geoId/3651000",
                      "name": "New York"
                    },
                    {
                      "dcid": "geoId/2938000",
                      "name": "Kansas City"
                    },
                    {
                      "dcid": "geoId/2937592",
                      "name": "Joplin"
                    }
                  ],
                  "minValue": -794,
                  "maxValue": 54828
                },
                "Country": {
                  "placeCount": 1,
                  "topPlaces": [
                    {
                      "dcid": "country/USA",
                      "name": "United States"
                    }
                  ],
                  "minValue": -23999,
                  "maxValue": 1433977
                },
                "County": {
                  "placeCount": 3217,
                  "topPlaces": [
                    {
                      "dcid": "geoId/06037",
                      "name": "Los Angeles County"
                    },
                    {
                      "dcid": "geoId/17031",
                      "name": "Cook County"
                    },
                    {
                      "dcid": "geoId/48201",
                      "name": "Harris County"
                    }
                  ],
                  "minValue": -18817,
                  "maxValue": 110441
                },
                "State": {
                  "placeCount": 56,
                  "topPlaces": [
                    {
                      "dcid": "geoId/06",
                      "name": "California"
                    },
                    {
                      "dcid": "geoId/48",
                      "name": "Texas"
                    },
                    {
                      "dcid": "geoId/12",
                      "name": "Florida"
                    }
                  ],
                  "minValue": -40527,
                  "maxValue": 227972
                }
              },
              "minValue": -40527,
              "maxValue": 1433977,
              "observationCount": 2539858,
              "timeSeriesCount": 3277
            },
            {
              "seriesKey": {
                "measurementMethod": "dcDerivedStat/NYT_COVID19_GitHub",
                "observationPeriod": "P1M"
              },
              "earliestDate": "2020-01",
              "latestDate": "2023-03",
              "placeTypeSummary": {
                "City": {
                  "placeCount": 3,
                  "topPlaces": [
                    {
                      "dcid": "geoId/3651000",
                      "name": "New York"
                    },
                    {
                      "dcid": "geoId/2938000",
                      "name": "Kansas City"
                    },
                    {
                      "dcid": "geoId/2937592",
                      "name": "Joplin"
                    }
                  ],
                  "minValue": 0,
                  "maxValue": 685785
                },
                "Country": {
                  "placeCount": 1,
                  "topPlaces": [
                    {
                      "dcid": "country/USA",
                      "name": "United States"
                    }
                  ],
                  "minValue": 6,
                  "maxValue": 20300128
                },
                "County": {
                  "placeCount": 3217,
                  "topPlaces": [
                    {
                      "dcid": "geoId/06037",
                      "name": "Los Angeles County"
                    },
                    {
                      "dcid": "geoId/17031",
                      "name": "Cook County"
                    },
                    {
                      "dcid": "geoId/48201",
                      "name": "Harris County"
                    }
                  ],
                  "minValue": -3451,
                  "maxValue": 962832
                },
                "State": {
                  "placeCount": 56,
                  "topPlaces": [
                    {
                      "dcid": "geoId/06",
                      "name": "California"
                    },
                    {
                      "dcid": "geoId/48",
                      "name": "Texas"
                    },
                    {
                      "dcid": "geoId/12",
                      "name": "Florida"
                    }
                  ],
                  "minValue": -2327,
                  "maxValue": 2896206
                }
              },
              "minValue": -3451,
              "maxValue": 20300128,
              "observationCount": 87153,
              "timeSeriesCount": 3277
            }
          ],
          "observationCount": 2627011,
          "timeSeriesCount": 6554
        }
      }
    }
  }
}