{
  "statVarSummary": {
    "UnemploymentRate_Person": {
      "placeTypeSummary": {
        "City": {
          "placeCount": 3096,
          "topPlaces": [
            {
              "dcid": "geoId/3651000",
              "name": "New York"
            },
            {
              "dcid": "geoId/0644000",
              "name": "Los Angeles"
            },
            {
              "dcid": "geoId/1714000",
              "name": "Chicago"
            }
          ],
          "minValue": 0,
          "maxValue": 100
        },
        "Country": {
          "placeCount": 33,
          "topPlaces": [
            {
              "dcid": "country/USA",
              "name": "United States"
            },
            {
              "dcid": "country/JPN",
              "name": "Japan"
            },
            {
              "dcid": "country/TUR",
              "name": "Turkey"
            }
          ],
          "minValue": 1.3,
          "maxValue": 26.3
        },
        "County": {
          "placeCount": 3220,
          "topPlaces": [
            {
              "dcid": "geoId/06037",
              "name": "Los Angeles County"
            },
            {
              "dcid": "geoId/17031",
              "name": "Cook County"
            },
            {
              "dcid": "geoId/48201",
              "name": "Harris County"
            }
          ],
          "minValue": 0,
          "maxValue": 58.7
        },
        "State": {
          "placeCount": 52,
          "topPlaces": [
            {
              "dcid": "geoId/06",
              "name": "California"
            },
            {
              "dcid": "geoId/48",
              "name": "Texas"
            },
            {
              "dcid": "geoId/12",
              "name": "Florida"
            }
          ],
          "minValue": 1.4,
          "maxValue": 30.6
        }
      },
      "provenanceSummary": {
        "dc/base/BLS_CPS": {
          "importName": "BLS_CPS",
          "releaseFrequency": "P1M",
          "seriesSummary": [
            {
              "seriesKey": {
                "measurementMethod": "BLSSeasonallyAdjusted",
                "observationPeriod": "P1M"
              },
              "earliestDate": "1948-01",
              "latestDate": "2023-02",
              "placeTypeSummary": {
                "Country": {
                  "placeCount": 1,
                  "topPlaces": [
                    {
                      "dcid": "country/USA",
                      "name": "United States"
                    }
                  ],
                  "minValue": 2.5,
                  "maxValue": 14.7
                }
              },
              "minValue": 2.5,
              "maxValue": 14.7,
              "observationCount": 902,
              "timeSeriesCount": 1
            },
            {
              "seriesKey": {
                "measurementMethod": "BLSSeasonallyAdjusted",
                "observationPeriod": "P3M"
              },
              "earliestDate": "1948-03",
              "latestDate": "2022-12",
              "placeTypeSummary": {
                "Country": {
                  "placeCount": 1,
                  "topPlaces": [
                    {
                      "dcid": "country/USA",
                      "name": "United States"
                    }
                  ],
                  "minValue": 2.6,
                  "maxValue": 13
                }
              },
              "minValue": 2.6,
              "maxValue": 13,
              "observationCount": 300,
              "timeSeriesCount": 1
            }
          ],
          "observationCount": 1202,
          "timeSeriesCount": 2
        },
        "dc/base/BLS_LAUS": {
          "importName": "BLS_LAUS",
          "releaseFrequency": "P1M",
          "seriesSummary": [
            {
              "seriesKey": {
                "measurementMethod": "BLSSeasonallyAdjusted",
                "observationPeriod": "P1M"
              },
              "earliestDate": "1976-01",
              "latestDate": "2023-02",
              "placeTypeSummary": {
                "City": {
                  "placeCount": 1,
                  "topPlaces": [
                    {
                      "dcid": "geoId/3651000",
                      "name": "New York"
                    }
                  ],
                  "minValue": 3.8,
                  "maxValue": 21.4
                },
                "State": {
                  "placeCount": 52,
                  "topPlaces": [
                    {
                      "dcid": "geoId/06",
                      "name": "California"
                    },
                    {
                      "dcid": "geoId/48",
                      "name": "Texas"
                    },
                    {
                      "dcid": "geoId/12",
                      "name": "Florida"
                    }
                  ],
                  "minValue": 1.9,
                  "maxValue": 30.6
                }
              },
              "minValue": 1.9,
              "maxValue": 30.6,
              "observationCount": 29996,
              "timeSeriesCount": 53
            },
            {
              "seriesKey": {
                "measurementMethod": "BLSSeasonallyUnadjusted",
                "observationPeriod": "P1M"
              },
              "earliestDate": "1976-01",
              "latestDate": "2023-02",
              "placeTypeSummary": {
                "City": {
                  "placeCount": 3096,
                  "topPlaces": [
                    {
                      "dcid": "geoId/3651000",
                      "name": "New York"
                    },
                    {
                      "dcid": "geoId/0644000",
                      "name": "Los Angeles"
                    },
                    {
                      "dcid": "geoId/1714000",
                      "name": "Chicago"
                    }
                  ],
                  "minValue": 0,
                  "maxValue": 100
                },
                "County": {
                  "placeCount": 3220,
                  "topPlaces": [
                    {
                      "dcid": "geoId/06037",
                      "name": "Los Angeles County"
                    },
                    {
                      "dcid": "geoId/17031",
                      "name": "Cook County"
                    },
                    {
                      "dcid": "geoId/48201",
                      "name": "Harris County"
                    }
                  ],
                  "minValue": 0,
                  "maxValue": 58.7
                },
                "State": {
                  "placeCount": 52,
                  "topPlaces": [
                    {
                      "dcid": "geoId/06",
                      "name": "California"
                    },
                    {
                      "dcid": "geoId/48",
                      "name": "Texas"
                    },
                    {
                      "dcid": "geoId/12",
                      "name": "Florida"
                    }
                  ],
                  "minValue": 1.4,
                  "maxValue": 30.3
                }
              },
              "minValue": 0,
              "maxValue": 100,
              "observationCount": 2451001,
              "timeSeriesCount": 6368
            },
            {
              "seriesKey": {
                "measurementMethod": "BLSSeasonallyUnadjusted",
                "observationPeriod": "P1Y"
              },
              "earliestDate": "1976",
              "latestDate": "2022",
              "placeTypeSummary": {
                "City": {
                  "placeCount": 3086,
                  "topPlaces": [
                    {
                      "dcid": "geoId/3651000",
                      "name": "New York"
                    },
                    {
                      "dcid": "geoId/0644000",
                      "name": "Los Angeles"
                    },
                    {
                      "dcid": "geoId/1714000",
                      "name": "Chicago"
                    }
                  ],
                  "minValue": 0,
                  "maxValue": 100
                },
                "County": {
                  "placeCount": 3220,
                  "topPlaces": [
                    {
                      "dcid": "geoId/06037",
                      "name": "Los Angeles County"
                    },
                    {
                      "dcid": "geoId/17031",
                      "name": "Cook County"
                    },
                    {
                      "dcid": "geoId/48201",
                      "name": "Harris County"
                    }
                  ],
                  "minValue": 0.4,
                  "maxValue": 40.6
                },
                "State": {
                  "placeCount": 52,
                  "topPlaces": [
                    {
                      "dcid": "geoId/06",
                      "name": "California"
                    },
                    {
                      "dcid": "geoId/48",
                      "name": "Texas"
                    },
                    {
                      "dcid": "geoId/12",
                      "name": "Florida"
                    }
                  ],
                  "minValue": 2.1,
                  "maxValue": 23.4
                }
              },
              "minValue": 0,
              "maxValue": 100,
              "observationCount": 197347,
              "timeSeriesCount": 6358
            }
          ],
          "observationCount": 2678344,
          "timeSeriesCount": 12779
        },
        "dc/base/EurostatData": {
          "importName": "EurostatData",
          "releaseFrequency": "P1Y",
          "seriesSummary": [
            {
              "seriesKey": {
                "observationPeriod": "P1M"
              },
              "earliestDate": "1983-01",
              "latestDate": "2020-07",
              "placeTypeSummary": {
                "Country": {
                  "placeCount": 33,
                  "topPlaces": [
                    {
                      "dcid": "country/USA",
                      "name": "United States"
                    },
                    {
                      "dcid": "country/JPN",
                      "name": "Japan"
                    },
                    {
                      "dcid": "country/TUR",
                      "name": "Turkey"
                    }
                  ],
                  "minValue": 1.3,
                  "maxValue": 26.3
                }
              },
              "minValue": 1.3,
              "maxValue": 26.3,
              "observationCount": 11125,
              "timeSeriesCount": 33
            }
          ],
          "observationCount": 11125,
          "timeSeriesCount": 33
        }
      }
    }
  }
}