{
  "statVars": [
    {
      "name": "Count of Household: With Food Stamps in The Past 12 Months",
      "dcid": "Count_Household_WithFoodStampsInThePast12Months"
    },
    {
      "name": "Count of Household: Without Food Stamps in The Past 12 Months",
      "dcid": "Count_Household_WithoutFoodStampsInThePast12Months"
    },
    {
      "name": "Population: With Food Stamps in The Past 12 Months",
      "dcid": "Count_Person_WithFoodStampsInThePast12Months"
    },
    {
      "name": "Median Income of Household: With Food Stamps in The Past 12 Months",
      "dcid": "Median_Income_Household_WithFoodStampsInThePast12Months"
    },
    {
      "name": "Median Income of Household: Without Food Stamps in The Past 12 Months",
      "dcid": "Median_Income_Household_WithoutFoodStampsInThePast12Months"
    },
    {
      "name": "Count of Household: With Food Stamps in The Past 12 Months, Above Poverty Level in The Past 12 Months",
      "dcid": "Count_Household_WithFoodStampsInThePast12Months_AbovePovertyLevelInThePast12Months"
    },
    {
      "name": "Count of Household: With Food Stamps in The Past 12 Months, American Indian or Alaska Native Alone",
      "dcid": "Count_Household_WithFoodStampsInThePast12Months_AmericanIndianOrAlaskaNativeAlone"
    },
    {
      "name": "Count of Household: With Food Stamps in The Past 12 Months, Asian Alone",
      "dcid": "Count_Household_WithFoodStampsInThePast12Months_AsianAlone"
    },
    {
      "name": "Count of Household: With Food Stamps in The Past 12 Months, Below Poverty Level in The Past 12 Months",
      "dcid": "Count_Household_WithFoodStampsInThePast12Months_BelowPovertyLevelInThePast12Months"
    },
    {
      "name": "Count of Household: With Food Stamps in The Past 12 Months, Black or African American Alone",
      "dcid": "Count_Household_WithFoodStampsInThePast12Months_BlackOrAfricanAmericanAlone"
    },
    {
      "name": "Count of Household: With Food Stamps in The Past 12 Months, Family Household",
      "dcid": "Count_Household_WithFoodStampsInThePast12Months_FamilyHousehold"
    },
    {
      "name": "Count of Household: With Food Stamps in The Past 12 Months, Hispanic or Latino",
      "dcid": "Count_Household_WithFoodStampsInThePast12Months_HispanicOrLatino"
    },
    {
      "name": "Count of Household: With Food Stamps in The Past 12 Months, Married Couple Family Household",
      "dcid": "Count_Household_WithFoodStampsInThePast12Months_MarriedCoupleFamilyHousehold"
    },
    {
      "name": "Count of Household: With Food Stamps in The Past 12 Months, Native Hawaiian or Other Pacific Islander Alone",
      "dcid": "Count_Household_WithFoodStampsInThePast12Months_NativeHawaiianOrOtherPacificIslanderAlone"
    },
    {
      "name": "Count of Household: With Food Stamps in The Past 12 Months, No Disability",
      "dcid": "Count_Household_WithFoodStampsInThePast12Months_NoDisability"
    },
    {
      "name": "Count of Household: With Food Stamps in The Past 12 Months, Nonfamily Household",
      "dcid": "Count_Household_WithFoodStampsInThePast12Months_NonfamilyHousehold"
    },
    {
      "name": "Count of Household: With Food Stamps in The Past 12 Months, One Race",
      "dcid": "Count_Household_WithFoodStampsInThePast12Months_OneRace"
    },
    {
      "name": "Count of Household: With Food Stamps in The Past 12 Months, Other Family Household",
      "dcid": "Count_Household_WithFoodStampsInThePast12Months_OtherFamilyHousehold"
    },
    {
      "name": "Count of Household: With Food Stamps in The Past 12 Months, Single Father Family Household",
      "dcid": "Count_Household_WithFoodStampsInThePast12Months_SingleFatherFamilyHousehold"
    },
    {
      "name": "Count of Household: With Food Stamps in The Past 12 Months, Single Mother Family Household",
      "dcid": "Count_Household_WithFoodStampsInThePast12Months_SingleMotherFamilyHousehold"
    },
    {
      "name": "Count of Household: With Food Stamps in The Past 12 Months, Some Other Race Alone",
      "dcid": "Count_Household_WithFoodStampsInThePast12Months_SomeOtherRaceAlone"
    },
    {
      "name": "Count of Household: With Food Stamps in The Past 12 Months, Two or More Races",
      "dcid": "Count_Household_WithFoodStampsInThePast12Months_TwoOrMoreRaces"
    },
    {
      "name": "Count of Household: With Food Stamps in The Past 12 Months, White Alone",
      "dcid": "Count_Household_WithFoodStampsInThePast12Months_WhiteAlone"
    },
    {
      "name": "Count of Household: With Food Stamps in The Past 12 Months, White Alone Not Hispanic or Latino",
      "dcid": "Count_Household_WithFoodStampsInThePast12Months_WhiteAloneNotHispanicOrLatino"
    },
    {
      "name": "Count of Household: With Food Stamps in The Past 12 Months, With Children Under 18",
      "dcid": "Count_Household_WithFoodStampsInThePast12Months_WithChildrenUnder18"
    },
    {
      "name": "Count of Household: With Food Stamps in The Past 12 Months, With Disability",
      "dcid": "Count_Household_WithFoodStampsInThePast12Months_WithDisability"
    },
    {
      "name": "Count of Household: With Food Stamps in The Past 12 Months, With People Over 60",
      "dcid": "Count_Household_WithFoodStampsInThePast12Months_WithPeopleOver60"
    },
    {
      "name": "Count of Household: With Food Stamps in The Past 12 Months, Without Children Under 18",
      "dcid": "Count_Household_WithFoodStampsInThePast12Months_WithoutChildrenUnder18"
    },
    {
      "name": "Count of Household: With Food Stamps in The Past 12 Months, Without People Over 60",
      "dcid": "Count_Household_WithFoodStampsInThePast12Months_WithoutPeopleOver60"
    },
    {
      "name": "Count of Household: Without Food Stamps in The Past 12 Months, Above Poverty Level in The Past 12 Months",
      "dcid": "Count_Household_WithoutFoodStampsInThePast12Months_AbovePovertyLevelInThePast12Months"
    },
    {
      "name": "Count of Household: Without Food Stamps in The Past 12 Months, American Indian or Alaska Native Alone",
      "dcid": "Count_Household_WithoutFoodStampsInThePast12Months_AmericanIndianOrAlaskaNativeAlone"
    },
    {
      "name": "Count of Household: Without Food Stamps in The Past 12 Months, Asian Alone",
      "dcid": "Count_Household_WithoutFoodStampsInThePast12Months_AsianAlone"
    },
    {
      "name": "Count of Household: Without Food Stamps in The Past 12 Months, Below Poverty Level in The Past 12 Months",
      "dcid": "Count_Household_WithoutFoodStampsInThePast12Months_BelowPovertyLevelInThePast12Months"
    },
    {
      "name": "Count of Household: Without Food Stamps in The Past 12 Months, Black or African American Alone",
      "dcid": "Count_Household_WithoutFoodStampsInThePast12Months_BlackOrAfricanAmericanAlone"
    },
    {
      "name": "Count of Household: Without Food Stamps in The Past 12 Months, Family Household",
      "dcid": "Count_Household_WithoutFoodStampsInThePast12Months_FamilyHousehold"
    },
    {
      "name": "Count of Household: Without Food Stamps in The Past 12 Months, Hispanic or Latino",
      "dcid": "Count_Household_WithoutFoodStampsInThePast12Months_HispanicOrLatino"
    },
    {
      "name": "Count of Household: Without Food Stamps in The Past 12 Months, Married Couple Family Household",
      "dcid": "Count_Household_WithoutFoodStampsInThePast12Months_MarriedCoupleFamilyHousehold"
    },
    {
      "name": "Count of Household: Without Food Stamps in The Past 12 Months, Native Hawaiian or Other Pacific Islander Alone",
      "dcid": "Count_Household_WithoutFoodStampsInThePast12Months_NativeHawaiianOrOtherPacificIslanderAlone"
    },
    {
      "name": "Count of Household: Without Food Stamps in The Past 12 Months, No Disability",
      "dcid": "Count_Household_WithoutFoodStampsInThePast12Months_NoDisability"
    },
    {
      "name": "Count of Household: Without Food Stamps in The Past 12 Months, Nonfamily Household",
      "dcid": "Count_Household_WithoutFoodStampsInThePast12Months_NonfamilyHousehold"
    },
    {
      "name": "Count of Household: Without Food Stamps in The Past 12 Months, One Race",
      "dcid": "Count_Household_WithoutFoodStampsInThePast12Months_OneRace"
    },
    {
      "name": "Count of Household: Without Food Stamps in The Past 12 Months, Other Family Household",
      "dcid": "Count_Household_WithoutFoodStampsInThePast12Months_OtherFamilyHousehold"
    },
    {
      "name": "Count of Household: Without Food Stamps in The Past 12 Months, Single Father Family Household",
      "dcid": "Count_Household_WithoutFoodStampsInThePast12Months_SingleFatherFamilyHousehold"
    },
    {
      "name": "Count of Household: Without Food Stamps in The Past 12 Months, Single Mother Family Household",
      "dcid": "Count_Household_WithoutFoodStampsInThePast12Months_SingleMotherFamilyHousehold"
    },
    {
      "name": "Count of Household: Without Food Stamps in The Past 12 Months, Some Other Race Alone",
      "dcid": "Count_Household_WithoutFoodStampsInThePast12Months_SomeOtherRaceAlone"
    },
    {
      "name": "Count of Household: Without Food Stamps in The Past 12 Months, Two or More Races",
      "dcid": "Count_Household_WithoutFoodStampsInThePast12Months_TwoOrMoreRaces"
    },
    {
      "name": "Count of Household: Without Food Stamps in The Past 12 Months, White Alone",
      "dcid": "Count_Household_WithoutFoodStampsInThePast12Months_WhiteAlone"
    },
    {
      "name": "Count of Household: Without Food Stamps in The Past 12 Months, White Alone Not Hispanic or Latino",
      "dcid": "Count_Household_WithoutFoodStampsInThePast12Months_WhiteAloneNotHispanicOrLatino"
    },
    {
      "name": "Count of Household: Without Food Stamps in The Past 12 Months, With Children Under 18",
      "dcid": "Count_Household_WithoutFoodStampsInThePast12Months_WithChildrenUnder18"
    },
    {
      "name": "Count of Household: Without Food Stamps in The Past 12 Months, With Disability",
      "dcid": "Count_Household_WithoutFoodStampsInThePast12Months_WithDisability"
    },
    {
      "name": "Count of Household: Without Food Stamps in The Past 12 Months, With People Over 60",
      "dcid": "Count_Household_WithoutFoodStampsInThePast12Months_WithPeopleOver60"
    },
    {
      "name": "Count of Household: Without Food Stamps in The Past 12 Months, Without Children Under 18",
      "dcid": "Count_Household_WithoutFoodStampsInThePast12Months_WithoutChildrenUnder18"
    },
    {
      "name": "Count of Household: Without Food Stamps in The Past 12 Months, Without People Over 60",
      "dcid": "Count_Household_WithoutFoodStampsInThePast12Months_WithoutPeopleOver60"
    },
    {
      "name": "Population: With Food Stamps in The Past 12 Months, Adult Correctional Facilities",
      "dcid": "Count_Person_WithFoodStampsInThePast12Months_ResidesInAdultCorrectionalFacilities"
    },
    {
      "name": "Population: With Food Stamps in The Past 12 Months, College or University Student Housing",
      "dcid": "Count_Person_WithFoodStampsInThePast12Months_ResidesInCollegeOrUniversityStudentHousing"
    },
    {
      "name": "Population: With Food Stamps in The Past 12 Months, Group Quarters",
      "dcid": "Count_Person_WithFoodStampsInThePast12Months_ResidesInGroupQuarters"
    },
    {
      "name": "Population: With Food Stamps in The Past 12 Months, Institutionalized Group Quarters",
      "dcid": "Count_Person_WithFoodStampsInThePast12Months_ResidesInInstitutionalizedGroupQuarters"
    },
    {
      "name": "Population: With Food Stamps in The Past 12 Months, Juvenile Facilities",
      "dcid": "Count_Person_WithFoodStampsInThePast12Months_ResidesInJuvenileFacilities"
    },
    {
      "name": "Population: With Food Stamps in The Past 12 Months, Noninstitutionalized Group Quarters",
      "dcid": "Count_Person_WithFoodStampsInThePast12Months_ResidesInNoninstitutionalizedGroupQuarters"
    },
    {
      "name": "Population: With Food Stamps in The Past 12 Months, Nursing Facilities",
      "dcid": "Count_Person_WithFoodStampsInThePast12Months_ResidesInNursingFacilities"
    },
    {
      "name": "Count of Household: With Food Stamps in The Past 12 Months, Family Household, No Workers in The Past 12 Months",
      "dcid": "Count_Household_WithFoodStampsInThePast12Months_FamilyHousehold_NoWorkersInThePast12Months"
    },
    {
      "name": "Count of Household: With Food Stamps in The Past 12 Months, Family Household, One Worker in The Past 12 Months",
      "dcid": "Count_Household_WithFoodStampsInThePast12Months_FamilyHousehold_OneWorkerInThePast12Months"
    },
    {
      "name": "Count of Household: With Food Stamps in The Past 12 Months, Family Household, Two or More Workers in The Past 12 Months",
      "dcid": "Count_Household_WithFoodStampsInThePast12Months_FamilyHousehold_TwoOrMoreWorkersInThePast12Months"
    },
    {
      "name": "Count of Household: With Food Stamps in The Past 12 Months, Foreign Born, Africa",
      "dcid": "Count_Household_WithFoodStampsInThePast12Months_ForeignBorn_PlaceOfBirthAfrica"
    },
    {
      "name": "Count of Household: With Food Stamps in The Past 12 Months, Foreign Born, Asia",
      "dcid": "Count_Household_WithFoodStampsInThePast12Months_ForeignBorn_PlaceOfBirthAsia"
    },
    {
      "name": "Count of Household: With Food Stamps in The Past 12 Months, Foreign Born, Caribbean",
      "dcid": "Count_Household_WithFoodStampsInThePast12Months_ForeignBorn_PlaceOfBirthCaribbean"
    },
    {
      "name": "Count of Household: With Food Stamps in The Past 12 Months, Foreign Born, Central America Except Mexico",
      "dcid": "Count_Household_WithFoodStampsInThePast12Months_ForeignBorn_PlaceOfBirthCentralAmericaExceptMexico"
    },
    {
      "name": "Count of Household: With Food Stamps in The Past 12 Months, Foreign Born, Country/MEX",
      "dcid": "Count_Household_WithFoodStampsInThePast12Months_ForeignBorn_PlaceOfBirthMexico"
    },
    {
      "name": "Count of Household: With Food Stamps in The Past 12 Months, Foreign Born, Eastern Asia",
      "dcid": "Count_Household_WithFoodStampsInThePast12Months_ForeignBorn_PlaceOfBirthEasternAsia"
    },
    {
      "name": "Count of Household: With Food Stamps in The Past 12 Months, Foreign Born, Europe",
      "dcid": "Count_Household_WithFoodStampsInThePast12Months_ForeignBorn_PlaceOfBirthEurope"
    },
    {
      "name": "Count of Household: With Food Stamps in The Past 12 Months, Foreign Born, Latin America",
      "dcid": "Count_Household_WithFoodStampsInThePast12Months_ForeignBorn_PlaceOfBirthLatinAmerica"
    },
    {
      "name": "Count of Household: With Food Stamps in The Past 12 Months, Foreign Born, Northamerica",
      "dcid": "Count_Household_WithFoodStampsInThePast12Months_ForeignBorn_PlaceOfBirthNorthamerica"
    },
    {
      "name": "Count of Household: With Food Stamps in The Past 12 Months, Foreign Born, Northern Western Europe",
      "dcid": "Count_Household_WithFoodStampsInThePast12Months_ForeignBorn_PlaceOfBirthNorthernWesternEurope"
    },
    {
      "name": "Count of Household: With Food Stamps in The Past 12 Months, Foreign Born, Oceania",
      "dcid": "Count_Household_WithFoodStampsInThePast12Months_ForeignBorn_PlaceOfBirthOceania"
    },
    {
      "name": "Count of Household: With Food Stamps in The Past 12 Months, Foreign Born, South Central Asia",
      "dcid": "Count_Household_WithFoodStampsInThePast12Months_ForeignBorn_PlaceOfBirthSouthCentralAsia"
    },
    {
      "name": "Count of Household: With Food Stamps in The Past 12 Months, Foreign Born, South Eastern Asia",
      "dcid": "Count_Household_WithFoodStampsInThePast12Months_ForeignBorn_PlaceOfBirthSouthEasternAsia"
    },
    {
      "name": "Count of Household: With Food Stamps in The Past 12 Months, Foreign Born, Southamerica",
      "dcid": "Count_Household_WithFoodStampsInThePast12Months_ForeignBorn_PlaceOfBirthSouthamerica"
    },
    {
      "name": "Count of Household: With Food Stamps in The Past 12 Months, Foreign Born, Southern Eastern Europe",
      "dcid": "Count_Household_WithFoodStampsInThePast12Months_ForeignBorn_PlaceOfBirthSouthernEasternEurope"
    },
    {
      "name": "Count of Household: With Food Stamps in The Past 12 Months, Foreign Born, Western Asia",
      "dcid": "Count_Household_WithFoodStampsInThePast12Months_ForeignBorn_PlaceOfBirthWesternAsia"
    },
    {
      "name": "Count of Household: With Food Stamps in The Past 12 Months, Married Couple Family Household, With Children Under 18",
      "dcid": "Count_Household_WithFoodStampsInThePast12Months_WithChildrenUnder18_MarriedCoupleFamilyHousehold"
    },
    {
      "name": "Count of Household: With Food Stamps in The Past 12 Months, Married Couple Family Household, Without Children Under 18",
      "dcid": "Count_Household_WithFoodStampsInThePast12Months_WithoutChildrenUnder18_MarriedCoupleFamilyHousehold"
    },
    {
      "name": "Count of Household: With Food Stamps in The Past 12 Months, Nonfamily Household, With Children Under 18",
      "dcid": "Count_Household_WithFoodStampsInThePast12Months_WithChildrenUnder18_NonfamilyHousehold"
    },
    {
      "name": "Count of Household: With Food Stamps in The Past 12 Months, Nonfamily Household, Without Children Under 18",
      "dcid": "Count_Household_WithFoodStampsInThePast12Months_WithoutChildrenUnder18_NonfamilyHousehold"
    },
    {
      "name": "Count of Household: With Food Stamps in The Past 12 Months, Other Family Household, With Children Under 18",
      "dcid": "Count_Household_WithFoodStampsInThePast12Months_WithChildrenUnder18_OtherFamilyHousehold"
    },
    {
      "name": "Count of Household: With Food Stamps in The Past 12 Months, Other Family Household, Without Children Under 18",
      "dcid": "Count_Household_WithFoodStampsInThePast12Months_WithoutChildrenUnder18_OtherFamilyHousehold"
    },
    {
      "name": "Count of Household: With Food Stamps in The Past 12 Months, Public School, With ACSEDChild",
      "dcid": "Count_Household_WithFoodStampsInThePast12Months_ChildEnrolledInPublicSchool_WithChild"
    },
    {
      "name": "Count of Household: With Food Stamps in The Past 12 Months, Single Father Family Household, With Children Under 18",
      "dcid": "Count_Household_WithFoodStampsInThePast12Months_WithChildrenUnder18_SingleFatherFamilyHousehold"
    },
    {
      "name": "Count of Household: With Food Stamps in The Past 12 Months, Single Father Family Household, Without Children Under 18",
      "dcid": "Count_Household_WithFoodStampsInThePast12Months_WithoutChildrenUnder18_SingleFatherFamilyHousehold"
    },
    {
      "name": "Count of Household: With Food Stamps in The Past 12 Months, Single Mother Family Household, With Children Under 18",
      "dcid": "Count_Household_WithFoodStampsInThePast12Months_WithChildrenUnder18_SingleMotherFamilyHousehold"
    },
    {
      "name": "Count of Household: With Food Stamps in The Past 12 Months, Single Mother Family Household, Without Children Under 18",
      "dcid": "Count_Household_WithFoodStampsInThePast12Months_WithoutChildrenUnder18_SingleMotherFamilyHousehold"
    },
    {
      "name": "Count of Household: Without Food Stamps in The Past 12 Months, Family Household, No Workers in The Past 12 Months",
      "dcid": "Count_Household_WithoutFoodStampsInThePast12Months_FamilyHousehold_NoWorkersInThePast12Months"
    },
    {
      "name": "Count of Household: Without Food Stamps in The Past 12 Months, Family Household, One Worker in The Past 12 Months",
      "dcid": "Count_Household_WithoutFoodStampsInThePast12Months_FamilyHousehold_OneWorkerInThePast12Months"
    },
    {
      "name": "Count of Household: Without Food Stamps in The Past 12 Months, Family Household, Two or More Workers in The Past 12 Months",
      "dcid": "Count_Household_WithoutFoodStampsInThePast12Months_FamilyHousehold_TwoOrMoreWorkersInThePast12Months"
    },
    {
      "name": "Count of Household: Without Food Stamps in The Past 12 Months, Married Couple Family Household, With Children Under 18",
      "dcid": "Count_Household_WithoutFoodStampsInThePast12Months_WithChildrenUnder18_MarriedCoupleFamilyHousehold"
    },
    {
      "name": "Count of Household: Without Food Stamps in The Past 12 Months, Married Couple Family Household, Without Children Under 18",
      "dcid": "Count_Household_WithoutFoodStampsInThePast12Months_WithoutChildrenUnder18_MarriedCoupleFamilyHousehold"
    },
    {
      "name": "Count of Household: Without Food Stamps in The Past 12 Months, Nonfamily Household, With Children Under 18",
      "dcid": "Count_Household_WithoutFoodStampsInThePast12Months_WithChildrenUnder18_NonfamilyHousehold"
    },
    {
      "name": "Count of Household: Without Food Stamps in The Past 12 Months, Nonfamily Household, Without Children Under 18",
      "dcid": "Count_Household_WithoutFoodStampsInThePast12Months_WithoutChildrenUnder18_NonfamilyHousehold"
    },
    {
      "name": "Count of Household: Without Food Stamps in The Past 12 Months, Other Family Household, With Children Under 18",
      "dcid": "Count_Household_WithoutFoodStampsInThePast12Months_WithChildrenUnder18_OtherFamilyHousehold"
    },
    {
      "name": "Count of Household: Without Food Stamps in The Past 12 Months, Other Family Household, Without Children Under 18",
      "dcid": "Count_Household_WithoutFoodStampsInThePast12Months_WithoutChildrenUnder18_OtherFamilyHousehold"
    },
    {
      "name": "Count of Household: Without Food Stamps in The Past 12 Months, Single Father Family Household, With Children Under 18",
      "dcid": "Count_Household_WithoutFoodStampsInThePast12Months_WithChildrenUnder18_SingleFatherFamilyHousehold"
    },
    {
      "name": "Count of Household: Without Food Stamps in The Past 12 Months, Single Father Family Household, Without Children Under 18",
      "dcid": "Count_Household_WithoutFoodStampsInThePast12Months_WithoutChildrenUnder18_SingleFatherFamilyHousehold"
    },
    {
      "name": "Count of Household: Without Food Stamps in The Past 12 Months, Single Mother Family Household, With Children Under 18",
      "dcid": "Count_Household_WithoutFoodStampsInThePast12Months_WithChildrenUnder18_SingleMotherFamilyHousehold"
    },
    {
      "name": "Count of Household: Without Food Stamps in The Past 12 Months, Single Mother Family Household, Without Children Under 18",
      "dcid": "Count_Household_WithoutFoodStampsInThePast12Months_WithoutChildrenUnder18_SingleMotherFamilyHousehold"
    },
    {
      "name": "Percent of Household: With Food Stamps in The Past 12 Months, Public School, With ACSEDChild",
      "dcid": "Percent_Household_WithFoodStampsInThePast12Months_ChildEnrolledInPublicSchool_WithChild"
    }
  ],
  "matches": [
    "food",
    "stamps"
  ]
}