{
  "ancestors": [
    "dc/g/Custom_Atmosphere_Pollutant-CarbonMonoxide",
    "dc/g/Custom_Atmosphere_Pollutant",
    "dc/g/Custom_Atmosphere",
    "dc/g/Custom_Environment",
    "dc/g/Custom_Root"
  ]
}