{
  "node": "Count_CriminalActivities_CombinedCrime",
  "info": {
    "placeTypeSummary": {
      "CensusCountyDivision": {
        "placeCount": 1327,
        "topPlaces": [
          {
            "dcid": "geoId/1500390810",
            "name": "Honolulu CCD"
          },
          {
            "dcid": "geoId/3608760510",
            "name": "Ramapo"
          },
          {
            "dcid": "geoId/3402938550",
            "name": "Lakewood"
          }
        ],
        "minValue": 0,
        "maxValue": 36325
      },
      "City": {
        "placeCount": 8807,
        "topPlaces": [
          {
            "dcid": "geoId/3651000",
            "name": "New York"
          },
          {
            "dcid": "geoId/0644000",
            "name": "Los Angeles"
          },
          {
            "dcid": "geoId/1714000",
            "name": "Chicago"
          }
        ],
        "minValue": 0,
        "maxValue": 198419
      },
      "Country": {
        "placeCount": 1,
        "topPlaces": [
          {
            "dcid": "country/USA",
            "name": "United States"
          }
        ],
        "minValue": 8132863,
        "maxValue": 11111207
      },
      "County": {
        "placeCount": 1,
        "topPlaces": [
          {
            "dcid": "geoId/34007",
            "name": "Camden County"
          }
        ],
        "minValue": 3301,
        "maxValue": 4043
      },
      "State": {
        "placeCount": 50,
        "topPlaces": [
          {
            "dcid": "geoId/06",
            "name": "California"
          },
          {
            "dcid": "geoId/48",
            "name": "Texas"
          },
          {
            "dcid": "geoId/12",
            "name": "Florida"
          }
        ],
        "minValue": 9113,
        "maxValue": 1265920
      }
    },
    "provenanceSummary": {
      "dc/base/FBIGovCrime": {
        "importName": "FBIGovCrime",
        "releaseFrequency": "P1Y",
        "seriesSummary": [
          {
            "seriesKey": {
              "observationPeriod": "P1Y"
            },
            "earliestDate": "2008",
            "latestDate": "2019",
            "placeTypeSummary": {
              "CensusCountyDivision": {
                "placeCount": 1327,
                "topPlaces": [
                  {
                    "dcid": "geoId/1500390810",
                    "name": "Honolulu CCD"
                  },
                  {
                    "dcid": "geoId/3608760510",
                    "name": "Ramapo"
                  },
                  {
                    "dcid": "geoId/3402938550",
                    "name": "Lakewood"
                  }
                ],
                "minValue": 0,
                "maxValue": 36325
              },
              "City": {
                "placeCount": 8807,
                "topPlaces": [
                  {
                    "dcid": "geoId/3651000",
                    "name": "New York"
                  },
                  {
                    "dcid": "geoId/0644000",
                    "name": "Los Angeles"
                  },
                  {
                    "dcid": "geoId/1714000",
                    "name": "Chicago"
                  }
                ],
                "minValue": 0,
                "maxValue": 198419
              },
              "County": {
                "placeCount": 1,
                "topPlaces": [
                  {
                    "dcid": "geoId/34007",
                    "name": "Camden County"
                  }
                ],
                "minValue": 3301,
                "maxValue": 4043
              },
              "State": {
                "placeCount": 50,
                "topPlaces": [
                  {
                    "dcid": "geoId/06",
                    "name": "California"
                  },
                  {
                    "dcid": "geoId/48",
                    "name": "Texas"
                  },
                  {
                    "dcid": "geoId/12",
                    "name": "Florida"
                  }
                ],
                "minValue": 9113,
                "maxValue": 1265920
              }
            },
            "minValue": 0,
            "maxValue": 1265920,
            "observationCount": 96373,
            "timeSeriesCount": 10185
          }
        ],
        "observationCount": 96373,
        "timeSeriesCount": 10185
      },
      "dc/base/FBIGovCrime_AggCountry": {
        "importName": "FBIGovCrime_AggCountry",
        "seriesSummary": [
          {
            "seriesKey": {
              "observationPeriod": "P1Y",
              "isDcAggregate": true
            },
            "earliestDate": "2008",
            "latestDate": "2019",
            "placeTypeSummary": {
              "Country": {
                "placeCount": 1,
                "topPlaces": [
                  {
                    "dcid": "country/USA",
                    "name": "United States"
                  }
                ],
                "minValue": 8132863,
                "maxValue": 11111207
              }
            },
            "minValue": 8132863,
            "maxValue": 11111207,
            "observationCount": 12,
            "timeSeriesCount": 1
          }
        ],
        "observationCount": 12,
        "timeSeriesCount": 1
      }
    }
  }
}