{
  "node": "geoId/06",
  "properties": [
    "affectedPlace",
    "containedInPlace",
    "location",
    "member",
    "overlapsWith"
  ]
}