{
  "node": "Class",
  "properties": [
    "domainIncludes",
    "rangeIncludes",
    "subClassOf",
    "typeOf"
  ]
}