[
  {
    "dcid": "geoId/05",
    "place": "geoId/05001"
  },
  {
    "dcid": "geoId/05",
    "place": "geoId/05003"
  },
  {
    "dcid": "geoId/05",
    "place": "geoId/05005"
  },
  {
    "dcid": "geoId/05",
    "place": "geoId/05007"
  },
  {
    "dcid": "geoId/05",
    "place": "geoId/05009"
  },
  {
    "dcid": "geoId/05",
    "place": "geoId/05011"
  },
  {
    "dcid": "geoId/05",
    "place": "geoId/05013"
  },
  {
    "dcid": "geoId/05",
    "place": "geoId/05015"
  },
  {
    "dcid": "geoId/05",
    "place": "geoId/05017"
  },
  {
    "dcid": "geoId/05",
    "place": "geoId/05019"
  },
  {
    "dcid": "geoId/05",
    "place": "geoId/05021"
  },
  {
    "dcid": "geoId/05",
    "place": "geoId/05023"
  },
  {
    "dcid": "geoId/05",
    "place": "geoId/05025"
  },
  {
    "dcid": "geoId/05",
    "place": "geoId/05027"
  },
  {
    "dcid": "geoId/05",
    "place": "geoId/05029"
  },
  {
    "dcid": "geoId/05",
    "place": "geoId/05031"
  },
  {
    "dcid": "geoId/05",
    "place": "geoId/05033"
  },
  {
    "dcid": "geoId/05",
    "place": "geoId/05035"
  },
  {
    "dcid": "geoId/05",
    "place": "geoId/05037"
  },
  {
    "dcid": "geoId/05",
    "place": "geoId/05039"
  },
  {
    "dcid": "geoId/05",
    "place": "geoId/05041"
  },
  {
    "dcid": "geoId/05",
    "place": "geoId/05043"
  },
  {
    "dcid": "geoId/05",
    "place": "geoId/05045"
  },
  {
    "dcid": "geoId/05",
    "place": "geoId/05047"
  },
  {
    "dcid": "geoId/05",
    "place": "geoId/05049"
  },
  {
    "dcid": "geoId/05",
    "place": "geoId/05051"
  },
  {
    "dcid": "geoId/05",
    "place": "geoId/05053"
  },
  {
    "dcid": "geoId/05",
    "place": "geoId/05055"
  },
  {
    "dcid": "geoId/05",
    "place": "geoId/05057"
  },
  {
    "dcid": "geoId/05",
    "place": "geoId/05059"
  },
  {
    "dcid": "geoId/05",
    "place": "geoId/05061"
  },
  {
    "dcid": "geoId/05",
    "place": "geoId/05063"
  },
  {
    "dcid": "geoId/05",
    "place": "geoId/05065"
  },
  {
    "dcid": "geoId/05",
    "place": "geoId/05067"
  },
  {
    "dcid": "geoId/05",
    "place": "geoId/05069"
  },
  {
    "dcid": "geoId/05",
    "place": "geoId/05071"
  },
  {
    "dcid": "geoId/05",
    "place": "geoId/05073"
  },
  {
    "dcid": "geoId/05",
    "place": "geoId/05075"
  },
  {
    "dcid": "geoId/05",
    "place": "geoId/05077"
  },
  {
    "dcid": "geoId/05",
    "place": "geoId/05079"
  },
  {
    "dcid": "geoId/05",
    "place": "geoId/05081"
  },
  {
    "dcid": "geoId/05",
    "place": "geoId/05083"
  },
  {
    "dcid": "geoId/05",
    "place": "geoId/05085"
  },
  {
    "dcid": "geoId/05",
    "place": "geoId/05087"
  },
  {
    "dcid": "geoId/05",
    "place": "geoId/05089"
  },
  {
    "dcid": "geoId/05",
    "place": "geoId/05091"
  },
  {
    "dcid": "geoId/05",
    "place": "geoId/05093"
  },
  {
    "dcid": "geoId/05",
    "place": "geoId/05095"
  },
  {
    "dcid": "geoId/05",
    "place": "geoId/05097"
  },
  {
    "dcid": "geoId/05",
    "place": "geoId/05099"
  },
  {
    "dcid": "geoId/05",
    "place": "geoId/05101"
  },
  {
    "dcid": "geoId/05",
    "place": "geoId/05103"
  },
  {
    "dcid": "geoId/05",
    "place": "geoId/05105"
  },
  {
    "dcid": "geoId/05",
    "place": "geoId/05107"
  },
  {
    "dcid": "geoId/05",
    "place": "geoId/05109"
  },
  {
    "dcid": "geoId/05",
    "place": "geoId/05111"
  },
  {
    "dcid": "geoId/05",
    "place": "geoId/05113"
  },
  {
    "dcid": "geoId/05",
    "place": "geoId/05115"
  },
  {
    "dcid": "geoId/05",
    "place": "geoId/05117"
  },
  {
    "dcid": "geoId/05",
    "place": "geoId/05119"
  },
  {
    "dcid": "geoId/05",
    "place": "geoId/05121"
  },
  {
    "dcid": "geoId/05",
    "place": "geoId/05123"
  },
  {
    "dcid": "geoId/05",
    "place": "geoId/05125"
  },
  {
    "dcid": "geoId/05",
    "place": "geoId/05127"
  },
  {
    "dcid": "geoId/05",
    "place": "geoId/05129"
  },
  {
    "dcid": "geoId/05",
    "place": "geoId/05131"
  },
  {
    "dcid": "geoId/05",
    "place": "geoId/05133"
  },
  {
    "dcid": "geoId/05",
    "place": "geoId/05135"
  },
  {
    "dcid": "geoId/05",
    "place": "geoId/05137"
  },
  {
    "dcid": "geoId/05",
    "place": "geoId/05139"
  },
  {
    "dcid": "geoId/05",
    "place": "geoId/05141"
  },
  {
    "dcid": "geoId/05",
    "place": "geoId/05143"
  },
  {
    "dcid": "geoId/05",
    "place": "geoId/05145"
  },
  {
    "dcid": "geoId/05",
    "place": "geoId/05147"
  },
  {
    "dcid": "geoId/05",
    "place": "geoId/05149"
  },
  {
    "dcid": "geoId/06",
    "place": "geoId/06001"
  },
  {
    "dcid": "geoId/06",
    "place": "geoId/06003"
  },
  {
    "dcid": "geoId/06",
    "place": "geoId/06005"
  },
  {
    "dcid": "geoId/06",
    "place": "geoId/06007"
  },
  {
    "dcid": "geoId/06",
    "place": "geoId/06009"
  },
  {
    "dcid": "geoId/06",
    "place": "geoId/06011"
  },
  {
    "dcid": "geoId/06",
    "place": "geoId/06013"
  },
  {
    "dcid": "geoId/06",
    "place": "geoId/06015"
  },
  {
    "dcid": "geoId/06",
    "place": "geoId/06017"
  },
  {
    "dcid": "geoId/06",
    "place": "geoId/06019"
  },
  {
    "dcid": "geoId/06",
    "place": "geoId/06021"
  },
  {
    "dcid": "geoId/06",
    "place": "geoId/06023"
  },
  {
    "dcid": "geoId/06",
    "place": "geoId/06025"
  },
  {
    "dcid": "geoId/06",
    "place": "geoId/06027"
  },
  {
    "dcid": "geoId/06",
    "place": "geoId/06029"
  },
  {
    "dcid": "geoId/06",
    "place": "geoId/06031"
  },
  {
    "dcid": "geoId/06",
    "place": "geoId/06033"
  },
  {
    "dcid": "geoId/06",
    "place": "geoId/06035"
  },
  {
    "dcid": "geoId/06",
    "place": "geoId/06037"
  },
  {
    "dcid": "geoId/06",
    "place": "geoId/06039"
  },
  {
    "dcid": "geoId/06",
    "place": "geoId/06041"
  },
  {
    "dcid": "geoId/06",
    "place": "geoId/06043"
  },
  {
    "dcid": "geoId/06",
    "place": "geoId/06045"
  },
  {
    "dcid": "geoId/06",
    "place": "geoId/06047"
  },
  {
    "dcid": "geoId/06",
    "place": "geoId/06049"
  },
  {
    "dcid": "geoId/06",
    "place": "geoId/06051"
  },
  {
    "dcid": "geoId/06",
    "place": "geoId/06053"
  },
  {
    "dcid": "geoId/06",
    "place": "geoId/06055"
  },
  {
    "dcid": "geoId/06",
    "place": "geoId/06057"
  },
  {
    "dcid": "geoId/06",
    "place": "geoId/06059"
  },
  {
    "dcid": "geoId/06",
    "place": "geoId/06061"
  },
  {
    "dcid": "geoId/06",
    "place": "geoId/06063"
  },
  {
    "dcid": "geoId/06",
    "place": "geoId/06065"
  },
  {
    "dcid": "geoId/06",
    "place": "geoId/06067"
  },
  {
    "dcid": "geoId/06",
    "place": "geoId/06069"
  },
  {
    "dcid": "geoId/06",
    "place": "geoId/06071"
  },
  {
    "dcid": "geoId/06",
    "place": "geoId/06073"
  },
  {
    "dcid": "geoId/06",
    "place": "geoId/06075"
  },
  {
    "dcid": "geoId/06",
    "place": "geoId/06077"
  },
  {
    "dcid": "geoId/06",
    "place": "geoId/06079"
  },
  {
    "dcid": "geoId/06",
    "place": "geoId/06081"
  },
  {
    "dcid": "geoId/06",
    "place": "geoId/06083"
  },
  {
    "dcid": "geoId/06",
    "place": "geoId/06085"
  },
  {
    "dcid": "geoId/06",
    "place": "geoId/06087"
  },
  {
    "dcid": "geoId/06",
    "place": "geoId/06089"
  },
  {
    "dcid": "geoId/06",
    "place": "geoId/06091"
  },
  {
    "dcid": "geoId/06",
    "place": "geoId/06093"
  },
  {
    "dcid": "geoId/06",
    "place": "geoId/06095"
  },
  {
    "dcid": "geoId/06",
    "place": "geoId/06097"
  },
  {
    "dcid": "geoId/06",
    "place": "geoId/06099"
  },
  {
    "dcid": "geoId/06",
    "place": "geoId/06101"
  },
  {
    "dcid": "geoId/06",
    "place": "geoId/06103"
  },
  {
    "dcid": "geoId/06",
    "place": "geoId/06105"
  },
  {
    "dcid": "geoId/06",
    "place": "geoId/06107"
  },
  {
    "dcid": "geoId/06",
    "place": "geoId/06109"
  },
  {
    "dcid": "geoId/06",
    "place": "geoId/06111"
  },
  {
    "dcid": "geoId/06",
    "place": "geoId/06113"
  },
  {
    "dcid": "geoId/06",
    "place": "geoId/06115"
  }
]