{
  "node": "dc/g/Demographics",
  "info": {
    "absoluteName": "Demographics",
    "childStatVars": [
      {
        "id": "FertilityRate_Person_Female",
        "searchNames": [
          "Fertility Rate of Person"
        ],
        "displayName": "Fertility Rate",
        "definition": "mp=fertilityRate,pt=Person",
        "hasData": true
      },
      {
        "id": "GenderIncomeInequality_Person_15OrMoreYears_WithIncome",
        "searchNames": [
          "Gender Income Inequality of Person"
        ],
        "displayName": "Gender Income Inequality",
        "definition": "mp=genderIncomeInequality,pt=Person",
        "hasData": true
      },
      {
        "id": "LifeExpectancy_Person",
        "searchNames": [
          "Life Expectancy of Person"
        ],
        "displayName": "Life Expectancy",
        "definition": "mp=lifeExpectancy,pt=Person",
        "hasData": true
      },
      {
        "id": "Median_Age_Person",
        "searchNames": [
          "Median Age of Person"
        ],
        "displayName": "Median Age",
        "definition": "st=medianValue,mp=age,pt=Person",
        "hasData": true
      },
      {
        "id": "Median_Income_Person",
        "searchNames": [
          "Median Income of Person"
        ],
        "displayName": "Median Income",
        "definition": "st=medianValue,mp=income,pt=Person",
        "hasData": true
      },
      {
        "id": "Count_Person_IsInternetUser_PerCapita",
        "searchNames": [
          "Population Count of Person With is Internet User is True (As Fraction of Per Capita)"
        ],
        "displayName": "Percent of Internet Users",
        "definition": "md=PerCapita,mp=count,pt=Person,isInternetUser=True",
        "hasData": true
      },
      {
        "id": "Count_Person",
        "searchNames": [
          "Population Count of Person"
        ],
        "displayName": "Population",
        "definition": "mp=count,pt=Person",
        "hasData": true
      },
      {
        "id": "IncrementalCount_Person",
        "searchNames": [
          "Incremental Count of Person"
        ],
        "displayName": "Population Change",
        "definition": "mp=incrementalCount,pt=Person",
        "hasData": true
      },
      {
        "id": "Count_Person_PerArea",
        "searchNames": [
          "Population Count of Person (As Fraction of Area)"
        ],
        "displayName": "Population Density",
        "definition": "md=area,mp=count,pt=Person",
        "hasData": true
      },
      {
        "id": "GrowthRate_Count_Person",
        "searchNames": [
          "Growth Rate Population Count of Person"
        ],
        "displayName": "Population Growth Rate",
        "definition": "st=growthRate,mp=count,pt=Person",
        "hasData": true
      }
    ],
    "childStatVarGroups": [
      {
        "id": "dc/g/Person_Age",
        "specializedEntity": "Age",
        "displayName": "Person by Age",
        "descendentStatVarCount": 20633
      },
      {
        "id": "dc/g/Household_BenefitsStatus",
        "specializedEntity": "Benefits Status",
        "displayName": "Household by Benefits Status",
        "descendentStatVarCount": 172
      },
      {
        "id": "dc/g/Person_BenefitsStatus",
        "specializedEntity": "Benefits Status",
        "displayName": "Person by Benefits Status",
        "descendentStatVarCount": 8
      },
      {
        "id": "dc/g/Person_ChildrenStatus",
        "specializedEntity": "Children Status",
        "displayName": "Person by Children Status",
        "descendentStatVarCount": 7
      },
      {
        "id": "dc/g/Commute",
        "specializedEntity": "Commute",
        "displayName": "Commute",
        "descendentStatVarCount": 65
      },
      {
        "id": "dc/g/Person_DateOfEntry",
        "specializedEntity": "Date of Entry",
        "displayName": "Person by Date of Entry",
        "descendentStatVarCount": 236
      },
      {
        "id": "dc/g/Person_DisabilityStatus",
        "specializedEntity": "Disability Status",
        "displayName": "Person by Disability Status",
        "descendentStatVarCount": 194
      },
      {
        "id": "dc/g/Person_Earnings",
        "specializedEntity": "Earnings",
        "displayName": "Person by Earnings",
        "descendentStatVarCount": 139
      },
      {
        "id": "dc/g/Person_Gender",
        "specializedEntity": "Gender",
        "displayName": "Person by Gender",
        "descendentStatVarCount": 18775
      },
      {
        "id": "dc/g/Person_HealthInsurance",
        "specializedEntity": "Health Insurance (Individual)",
        "displayName": "Person by Health Insurance",
        "descendentStatVarCount": 2028
      },
      {
        "id": "dc/g/Household",
        "specializedEntity": "Household",
        "displayName": "Household",
        "descendentStatVarCount": 1559
      },
      {
        "id": "dc/g/Person_HouseholdIncome",
        "specializedEntity": "Household Income",
        "displayName": "Person by Household Income",
        "descendentStatVarCount": 40
      },
      {
        "id": "dc/g/Person_HouseholdType",
        "specializedEntity": "Household Type",
        "displayName": "Person by Household Type",
        "descendentStatVarCount": 462
      },
      {
        "id": "dc/g/ImmigrationAndCitizenship",
        "specializedEntity": "Immigration and Citizenship",
        "displayName": "Immigration and Citizenship",
        "descendentStatVarCount": 3124
      },
      {
        "id": "dc/g/Person_Income",
        "specializedEntity": "Income (Individual)",
        "displayName": "Person by Income",
        "descendentStatVarCount": 1774
      },
      {
        "id": "dc/g/Person_IncomeStatus",
        "specializedEntity": "Income Status",
        "displayName": "Person by Income Status",
        "descendentStatVarCount": 545
      },
      {
        "id": "dc/g/Language",
        "specializedEntity": "Language",
        "displayName": "Language",
        "descendentStatVarCount": 498
      },
      {
        "id": "dc/g/Person_LiteracyStatus",
        "specializedEntity": "Literacy Status",
        "displayName": "Person by Literacy Status",
        "descendentStatVarCount": 216
      },
      {
        "id": "dc/g/Person_MaritalStatus",
        "specializedEntity": "Marital Status",
        "displayName": "Person by Marital Status",
        "descendentStatVarCount": 505
      },
      {
        "id": "dc/g/Person_MemberStatus",
        "specializedEntity": "Member Status",
        "displayName": "Person by Member Status",
        "descendentStatVarCount": 96
      },
      {
        "id": "dc/g/MilitaryService",
        "specializedEntity": "Military Service",
        "displayName": "Military Service",
        "descendentStatVarCount": 1517
      },
      {
        "id": "dc/g/Household_Nativity",
        "specializedEntity": "Nativity",
        "displayName": "Household by Nativity",
        "descendentStatVarCount": 272
      },
      {
        "id": "dc/g/Household_PlaceOfBirth",
        "specializedEntity": "Place of Birth",
        "displayName": "Household by Place of Birth",
        "descendentStatVarCount": 272
      },
      {
        "id": "dc/g/Person_PlaceOfBirth",
        "specializedEntity": "Place of Birth",
        "displayName": "Person by Place of Birth",
        "descendentStatVarCount": 1944
      },
      {
        "id": "dc/g/Person_PlaceOfResidenceClassification",
        "specializedEntity": "Place of Residence Classification",
        "displayName": "Person by Place of Residence Classification",
        "descendentStatVarCount": 2460
      },
      {
        "id": "dc/g/Person_PovertyStatus",
        "specializedEntity": "Poverty Status",
        "displayName": "Person by Poverty Status",
        "descendentStatVarCount": 918
      },
      {
        "id": "dc/g/Person_Race",
        "specializedEntity": "Race",
        "displayName": "Person by Race",
        "descendentStatVarCount": 17104
      },
      {
        "id": "dc/g/Person_Religion",
        "specializedEntity": "Religion",
        "displayName": "Person by Religion",
        "descendentStatVarCount": 1872
      },
      {
        "id": "dc/g/Residence",
        "specializedEntity": "Residence",
        "displayName": "Residence",
        "descendentStatVarCount": 3614
      },
      {
        "id": "dc/g/Household_TransportationType",
        "specializedEntity": "Transportation Type",
        "displayName": "Household by Transportation Type",
        "descendentStatVarCount": 104
      }
    ],
    "descendentStatVarCount": 31999,
    "parentStatVarGroups": [
      "dc/g/Root"
    ]
  }
}