{
  "node": "g/Feeding_America",
  "info": {
    "childStatVars": [
      {
        "id": "Annual_FoodBudgetShortfall",
        "searchNames": [
          "Annual Food Budget Shortfall"
        ],
        "displayName": "Annual Food Budget Shortfall",
        "hasData": true
      },
      {
        "id": "Mean_MealCost_Person_FoodSecure",
        "searchNames": [
          "Food Secure Person Mean Meal Cost"
        ],
        "displayName": "Food Secure Person Mean Meal Cost",
        "hasData": true
      }
    ],
    "childStatVarGroups": [
      {
        "id": "g/Child_FoodInsecure",
        "specializedEntity": "Food Insecure Child",
        "descendentStatVarCount": 3
      },
      {
        "id": "g/Person_FoodInsecure",
        "specializedEntity": "Food Insecure Person",
        "descendentStatVarCount": 4
      }
    ],
    "descendentStatVarCount": 9,
    "parentStatVarGroups": [
      "dc/g/Root"
    ]
  }
}