{
  "node": "dc/g/Person_EnrollmentLevel-EnrolledInCollegeUndergraduateYears_Race",
  "info": {
    "absoluteName": "Person With Enrollment Level = Enrolled in College Undergraduate Years, Race",
    "childStatVars": [
      {
        "id": "dc/mwbmxs2q9zcgd",
        "searchNames": [
          "Population Count of Person With Enrollment Level is Enrolled in College Undergraduate Years, Race is American Indian or Alaska Native Alone"
        ],
        "displayName": "Population: Enrolled in College Undergraduate Years, American Indian or Alaska Native Alone",
        "definition": "mp=count,pt=Person,detailedLevelOfSchool=EnrolledInCollegeUndergraduateYears,race=AmericanIndianOrAlaskaNativeAlone",
        "hasData": true
      },
      {
        "id": "dc/nhmjhp72kjr48",
        "searchNames": [
          "Population Count of Person With Enrollment Level is Enrolled in College Undergraduate Years, Race is Asian Alone"
        ],
        "displayName": "Population: Enrolled in College Undergraduate Years, Asian Alone",
        "definition": "mp=count,pt=Person,detailedLevelOfSchool=EnrolledInCollegeUndergraduateYears,race=AsianAlone",
        "hasData": true
      },
      {
        "id": "dc/wjtdrd9wq4m2g",
        "searchNames": [
          "Population Count of Person With Enrollment Level is Enrolled in College Undergraduate Years, Race is Black or African American Alone"
        ],
        "displayName": "Population: Enrolled in College Undergraduate Years, Black or African American Alone",
        "definition": "mp=count,pt=Person,detailedLevelOfSchool=EnrolledInCollegeUndergraduateYears,race=BlackOrAfricanAmericanAlone",
        "hasData": true
      },
      {
        "id": "dc/0jtctjm33mgh1",
        "searchNames": [
          "Population Count of Person With Enrollment Level is Enrolled in College Undergraduate Years, Race is Hispanic or Latino"
        ],
        "displayName": "Population: Enrolled in College Undergraduate Years, Hispanic or Latino",
        "definition": "mp=count,pt=Person,detailedLevelOfSchool=EnrolledInCollegeUndergraduateYears,race=HispanicOrLatino",
        "hasData": true
      },
      {
        "id": "dc/1t989xd1tn701",
        "searchNames": [
          "Population Count of Person With Enrollment Level is Enrolled in College Undergraduate Years, Race is Native Hawaiian or Other Pacific Islander Alone"
        ],
        "displayName": "Population: Enrolled in College Undergraduate Years, Native Hawaiian or Other Pacific Islander Alone",
        "definition": "mp=count,pt=Person,detailedLevelOfSchool=EnrolledInCollegeUndergraduateYears,race=NativeHawaiianOrOtherPacificIslanderAlone",
        "hasData": true
      },
      {
        "id": "dc/50yq5l3ek70t7",
        "searchNames": [
          "Population Count of Person With Enrollment Level is Enrolled in College Undergraduate Years, Race is Some Other Race Alone"
        ],
        "displayName": "Population: Enrolled in College Undergraduate Years, Some Other Race Alone",
        "definition": "mp=count,pt=Person,detailedLevelOfSchool=EnrolledInCollegeUndergraduateYears,race=SomeOtherRaceAlone",
        "hasData": true
      },
      {
        "id": "dc/zv5g19y8dl9r1",
        "searchNames": [
          "Population Count of Person With Enrollment Level is Enrolled in College Undergraduate Years, Race is Two or More Races"
        ],
        "displayName": "Population: Enrolled in College Undergraduate Years, Two or More Races",
        "definition": "mp=count,pt=Person,detailedLevelOfSchool=EnrolledInCollegeUndergraduateYears,race=TwoOrMoreRaces",
        "hasData": true
      },
      {
        "id": "dc/55d9n710f1l43",
        "searchNames": [
          "Population Count of Person With Enrollment Level is Enrolled in College Undergraduate Years, Race is White Alone"
        ],
        "displayName": "Population: Enrolled in College Undergraduate Years, White Alone",
        "definition": "mp=count,pt=Person,detailedLevelOfSchool=EnrolledInCollegeUndergraduateYears,race=WhiteAlone",
        "hasData": true
      },
      {
        "id": "dc/4wkzsq23w6reb",
        "searchNames": [
          "Population Count of Person With Enrollment Level is Enrolled in College Undergraduate Years, Race is White Alone Not Hispanic or Latino"
        ],
        "displayName": "Population: Enrolled in College Undergraduate Years, White Alone Not Hispanic or Latino",
        "definition": "mp=count,pt=Person,detailedLevelOfSchool=EnrolledInCollegeUndergraduateYears,race=WhiteAloneNotHispanicOrLatino",
        "hasData": true
      }
    ],
    "descendentStatVarCount": 9,
    "parentStatVarGroups": [
      "dc/g/Person_EnrollmentLevel-EnrolledInCollegeUndergraduateYears"
    ]
  }
}