{
  "eventCollection": {
    "events": [
      {
        "places": [
          "country/USA",
          "geoId/06",
          "geoId/06111"
        ],
        "geoLocations": [
          {
            "point": {
              "latitude": 34.67173,
              "longitude": -119.1083
            }
          }
        ],
        "dates": [
          "2022-10-08"
        ],
        "propVals": {
          "area": {
            "vals": [
              "SquareKilometer 0.343173728"
            ]
          },
          "containmentDate": {
            "vals": [
              "2022-10-18"
            ]
          },
          "controlledDate": {
            "vals": [
              "2022-10-21"
            ]
          },
          "firePerimeter": {
            "vals": [
              "{\"type\": \"Polygon\", \"coordinates\": [[[-119.129678727, 34.554722428], [-119.128604332, 34.5562693960001], [-119.129905114, 34.560143173], [-119.137371512, 34.56005859], [-119.129678727, 34.554722428]]]}"
            ]
          },
          "initialResponseArea": {
            "vals": [
              "SquareKilometer 0.060702900000000004"
            ]
          },
          "name": {
            "vals": [
              "Howard 2 Fire"
            ]
          },
          "wfigsFireID": {
            "vals": [
              "2022-CALPF-002477"
            ]
          }
        },
        "dcid": "fire/irwinId/04745f7c-3f8b-47a4-8efe-c8f3c84742d9",
        "provenanceId": "dc/base/FireWFIGS"
      },
      {
        "places": [
          "country/USA",
          "geoId/06",
          "geoId/06099"
        ],
        "geoLocations": [
          {
            "point": {
              "latitude": 37.5885,
              "longitude": -121.1755
            }
          }
        ],
        "dates": [
          "2022-10-26"
        ],
        "propVals": {
          "area": {
            "vals": [
              "SquareKilometer 0.3035145"
            ]
          },
          "name": {
            "vals": [
              "River Fire"
            ]
          },
          "wfigsFireID": {
            "vals": [
              "2022-CALUR-001562"
            ]
          }
        },
        "dcid": "fire/irwinId/a3353676-95d4-4415-a30b-402f6999188c",
        "provenanceId": "dc/base/FireWFIGS"
      },
      {
        "places": [
          "country/USA",
          "geoId/06",
          "geoId/06007"
        ],
        "geoLocations": [
          {
            "point": {
              "latitude": 39.57643,
              "longitude": -121.74195
            }
          }
        ],
        "dates": [
          "2022-10-05"
        ],
        "propVals": {
          "area": {
            "vals": [
              "SquareKilometer 0.24337816040000002"
            ]
          },
          "containmentDate": {
            "vals": [
              "2022-10-05"
            ]
          },
          "controlledDate": {
            "vals": [
              "2022-10-06"
            ]
          },
          "name": {
            "vals": [
              "Nelson Fire"
            ]
          },
          "wfigsFireID": {
            "vals": [
              "2022-CABTU-018021"
            ]
          }
        },
        "dcid": "fire/irwinId/ccc40d03-00ec-418a-9c51-4ce25152fcbb",
        "provenanceId": "dc/base/FireWFIGS"
      },
      {
        "places": [
          "country/USA",
          "geoId/06",
          "geoId/06027"
        ],
        "geoLocations": [
          {
            "point": {
              "latitude": 37.38966,
              "longitude": -118.50092
            }
          }
        ],
        "dates": [
          "2022-10-23"
        ],
        "propVals": {
          "area": {
            "vals": [
              "SquareKilometer 0.20234300000000002"
            ]
          },
          "containmentDate": {
            "vals": [
              "2022-10-23"
            ]
          },
          "controlledDate": {
            "vals": [
              "2022-10-25"
            ]
          },
          "name": {
            "vals": [
              "Pleasant Fire"
            ]
          },
          "wfigsFireID": {
            "vals": [
              "2022-CABDU-015212"
            ]
          }
        },
        "dcid": "fire/irwinId/cea4951c-23a4-4ac2-98f3-715e531a4862",
        "provenanceId": "dc/base/FireWFIGS"
      },
      {
        "places": [
          "country/USA",
          "geoId/06",
          "geoId/06061"
        ],
        "geoLocations": [
          {
            "point": {
              "latitude": 38.73611,
              "longitude": -121.39253
            }
          }
        ],
        "dates": [
          "2022-10-15"
        ],
        "propVals": {
          "area": {
            "vals": [
              "SquareKilometer 0.17077749200000003"
            ]
          },
          "containmentDate": {
            "vals": [
              "2022-10-15"
            ]
          },
          "controlledDate": {
            "vals": [
              "2022-10-21"
            ]
          },
          "name": {
            "vals": [
              "Watt Fire"
            ]
          },
          "wfigsFireID": {
            "vals": [
              "2022-CANEU-028369"
            ]
          }
        },
        "dcid": "fire/irwinId/9cd579d3-d5f7-4bf0-b328-a7f1a665a730",
        "provenanceId": "dc/base/FireWFIGS"
      },
      {
        "places": [
          "country/USA",
          "geoId/06",
          "geoId/06007"
        ],
        "geoLocations": [
          {
            "point": {
              "latitude": 39.50208,
              "longitude": -121.85133
            }
          }
        ],
        "dates": [
          "2022-10-08"
        ],
        "propVals": {
          "area": {
            "vals": [
              "SquareKilometer 0.12140580000000001"
            ]
          },
          "containmentDate": {
            "vals": [
              "2022-10-08"
            ]
          },
          "controlledDate": {
            "vals": [
              "2022-10-08"
            ]
          },
          "name": {
            "vals": [
              "Vale Fire"
            ]
          },
          "wfigsFireID": {
            "vals": [
              "2022-CABTU-018201"
            ]
          }
        },
        "dcid": "fire/irwinId/347bb8de-0ee8-445f-9b96-7fb7f1968c53",
        "provenanceId": "dc/base/FireWFIGS"
      }
    ],
    "provenanceInfo": {
      "dc/base/FireWFIGS": {
        "importName": "FireWFIGS",
        "provenanceUrl": "https://data-nifc.opendata.arcgis.com/",
        "domain": "arcgis.com"
      }
    }
  }
}