{
  "observations": [
    {
      "date": "2010",
      "value": 0
    },
    {
      "date": "2011",
      "value": 0
    },
    {
      "date": "2012",
      "value": 0
    },
    {
      "date": "2013",
      "value": 0
    },
    {
      "date": "2014",
      "value": 0
    },
    {
      "date": "2015",
      "value": 0
    },
    {
      "date": "2016",
      "value": 0
    },
    {
      "date": "2017",
      "value": 0
    },
    {
      "date": "2018",
      "value": 0
    },
    {
      "date": "2019",
      "value": 0
    }
  ]
}