{
  "series": {
    "2011": 310346358,
    "2012": 312855438,
    "2013": 315219560,
    "2014": 317746049,
    "2015": 320098094,
    "2016": 322087547,
    "2017": 324473370,
    "2018": 326289971,
    "2019": 328016242,
    "2020": 329824950
  }
}