{
  "series": {
    "2011": 36,
    "2012": 35.9,
    "2013": 35.8,
    "2014": 35.9,
    "2015": 35.4,
    "2016": 35,
    "2017": 35,
    "2018": 34.9,
    "2019": 34.8,
    "2020": 35.2
  }
}