{
  "date": "2021",
  "value": 331893745,
  "metadata": {
    "import_name": "USCensusPEP_Annual_Population",
    "provenance_url": "https://www2.census.gov/programs-surveys/popest/tables",
    "measurement_method": "CensusPEPSurvey",
    "observation_period": "P1Y"
  }
}