{
  "dc/base/HumanReadableStatVars": [
    {
      "subjectId": "dc/base/HumanReadableStatVars",
      "subjectName": "HumanReadableStatVars",
      "subjectTypes": [
        "Provenance"
      ],
      "predicate": "curator",
      "objectId": "dc/cjj7vp",
      "objectName": "imports@datacommons.org",
      "objectTypes": [
        "Curator"
      ],
      "provenanceId": "dc/base/HumanReadableStatVars"
    },
    {
      "subjectId": "dc/base/HumanReadableStatVars",
      "subjectName": "HumanReadableStatVars",
      "subjectTypes": [
        "Provenance"
      ],
      "predicate": "importTime",
      "objectValue": "1679972380",
      "provenanceId": "dc/base/HumanReadableStatVars"
    },
    {
      "subjectId": "dc/base/HumanReadableStatVars",
      "subjectName": "HumanReadableStatVars",
      "subjectTypes": [
        "Provenance"
      ],
      "predicate": "isPartOf",
      "objectId": "dc/d/DataCommons_DataCommonsSchema",
      "objectName": "Data Commons Schema",
      "objectTypes": [
        "Dataset"
      ],
      "provenanceId": "dc/base/HumanReadableStatVars"
    },
    {
      "subjectId": "dc/base/HumanReadableStatVars",
      "subjectName": "HumanReadableStatVars",
      "subjectTypes": [
        "Provenance"
      ],
      "predicate": "name",
      "objectValue": "HumanReadableStatVars",
      "provenanceId": "dc/base/HumanReadableStatVars"
    },
    {
      "subjectId": "dc/base/HumanReadableStatVars",
      "subjectName": "HumanReadableStatVars",
      "subjectTypes": [
        "Provenance"
      ],
      "predicate": "provenance",
      "objectId": "dc/base/HumanReadableStatVars",
      "objectName": "HumanReadableStatVars",
      "objectTypes": [
        "Provenance"
      ],
      "provenanceId": "dc/base/HumanReadableStatVars"
    },
    {
      "subjectId": "dc/base/HumanReadableStatVars",
      "subjectName": "HumanReadableStatVars",
      "subjectTypes": [
        "Provenance"
      ],
      "predicate": "source",
      "objectId": "dc/s/DataCommons",
      "objectName": "Data Commons",
      "objectTypes": [
        "Source"
      ],
      "provenanceId": "dc/base/HumanReadableStatVars"
    },
    {
      "subjectId": "dc/base/HumanReadableStatVars",
      "subjectName": "HumanReadableStatVars",
      "subjectTypes": [
        "Provenance"
      ],
      "predicate": "typeOf",
      "objectId": "Provenance",
      "objectName": "Provenance",
      "objectTypes": [
        "Class"
      ],
      "provenanceId": "dc/base/HumanReadableStatVars"
    },
    {
      "subjectId": "dc/base/HumanReadableStatVars",
      "subjectName": "HumanReadableStatVars",
      "subjectTypes": [
        "Provenance"
      ],
      "predicate": "url",
      "objectValue": "https://datacommons.org",
      "provenanceId": "dc/base/HumanReadableStatVars"
    },
    {
      "subjectId": "Acre1000Onwards",
      "subjectName": "Acre 1000 Onwards",
      "subjectTypes": [
        "QuantityRange"
      ],
      "predicate": "provenance",
      "objectId": "dc/base/HumanReadableStatVars",
      "objectName": "HumanReadableStatVars",
      "objectTypes": [
        "Provenance"
      ],
      "provenanceId": "dc/base/HumanReadableStatVars"
    },
    {
      "subjectId": "AggregateMax_MedianAcrossModels_DifferenceRelativeToBaseDate1990_Max_Temperature",
      "subjectName": "Max Temperature (Difference Relative To Base Date): Relative To 1990, Highest Value, Median Across Models",
      "subjectTypes": [
        "StatisticalVariable"
      ],
      "predicate": "provenance",
      "objectId": "dc/base/HumanReadableStatVars",
      "objectName": "HumanReadableStatVars",
      "objectTypes": [
        "Provenance"
      ],
      "provenanceId": "dc/base/HumanReadableStatVars"
    },
    {
      "subjectId": "AvailableVehicles0",
      "subjectName": "AvailableVehicles 0",
      "subjectTypes": [
        "Quantity"
      ],
      "predicate": "provenance",
      "objectId": "dc/base/HumanReadableStatVars",
      "objectName": "HumanReadableStatVars",
      "objectTypes": [
        "Provenance"
      ],
      "provenanceId": "dc/base/HumanReadableStatVars"
    },
    {
      "subjectId": "dc/g/Agriculture",
      "subjectName": "Agriculture",
      "subjectTypes": [
        "StatVarGroup"
      ],
      "predicate": "provenance",
      "objectId": "dc/base/HumanReadableStatVars",
      "objectName": "HumanReadableStatVars",
      "objectTypes": [
        "Provenance"
      ],
      "provenanceId": "dc/base/HumanReadableStatVars"
    },
    {
      "subjectId": "dc/svpg/AmountOfFarmInventoryByType",
      "subjectName": "Farm products",
      "subjectTypes": [
        "StatVarPeerGroup"
      ],
      "predicate": "provenance",
      "objectId": "dc/base/HumanReadableStatVars",
      "objectName": "HumanReadableStatVars",
      "objectTypes": [
        "Provenance"
      ],
      "provenanceId": "dc/base/HumanReadableStatVars"
    },
    {
      "subjectId": "dc/topic/AgriculturalProduction",
      "subjectName": "Agricultural Production",
      "subjectTypes": [
        "Topic"
      ],
      "predicate": "provenance",
      "objectId": "dc/base/HumanReadableStatVars",
      "objectName": "HumanReadableStatVars",
      "objectTypes": [
        "Provenance"
      ],
      "provenanceId": "dc/base/HumanReadableStatVars"
    }
  ]
}